  Wiederherzustellende Projekte werden ermittelt...
C:\Program Files\dotnet\packs\Microsoft.Maui.Sdk\10.0.20\Sdk\BundledVersions.targets(75,5): warning MA002: Starting with .NET 8, setting  <UseMaui>true</UseMaui>  does not automatically include NuGet package references in your project.  Update your project by including this item:  <PackageReference Include="Microsoft.Maui.Controls" Version="10.0.20" />.  You can skip this warning by setting  <SkipValidateMauiImplicitPackageReferences>true</SkipValidateMauiImplicitPackageReferences>  in your project file. [C:\Programmieren\KGV\KGV.neu\KGV.Maui\KGV.Maui.csproj::TargetFramework=net10.0-android]
C:\Program Files\dotnet\packs\Microsoft.Maui.Sdk\10.0.20\Sdk\BundledVersions.targets(75,5): warning MA002: Starting with .NET 8, setting  <UseMaui>true</UseMaui>  does not automatically include NuGet package references in your project.  Update your project by including this item:  <PackageReference Include="Microsoft.Maui.Controls" Version="10.0.20" />.  You can skip this warning by setting  <SkipValidateMauiImplicitPackageReferences>true</SkipValidateMauiImplicitPackageReferences>  in your project file. [C:\Programmieren\KGV\KGV.neu\KGV.Maui\KGV.Maui.csproj::TargetFramework=net10.0-android]
C:\Programmieren\KGV\KGV.neu\KGV.Core\KGV.Core.csproj : warning NU1603: KGV.Core h├ñngt von DocumentFormat.OpenXml (>= 2.21.0) ab, aber DocumentFormat.OpenXml 2.21.0 wurde nicht gefunden. DocumentFormat.OpenXml 3.0.0 wurde stattdessen aufgel├Âst. [C:\Programmieren\KGV\KGV.neu\KGV.Maui\KGV.Maui.csproj::TargetFramework=net10.0-android]
C:\Programmieren\KGV\KGV.neu\KGV.Infrastructure\KGV.Infrastructure.csproj : warning NU1603: KGV.Core h├ñngt von DocumentFormat.OpenXml (>= 2.21.0) ab, aber DocumentFormat.OpenXml 2.21.0 wurde nicht gefunden. DocumentFormat.OpenXml 3.0.0 wurde stattdessen aufgel├Âst. [C:\Programmieren\KGV\KGV.neu\KGV.Maui\KGV.Maui.csproj::TargetFramework=net10.0-android]
C:\Programmieren\KGV\KGV.neu\KGV.Maui\KGV.Maui.csproj : warning NU1603: KGV.Core h├ñngt von DocumentFormat.OpenXml (>= 2.21.0) ab, aber DocumentFormat.OpenXml 2.21.0 wurde nicht gefunden. DocumentFormat.OpenXml 3.0.0 wurde stattdessen aufgel├Âst. [TargetFramework=net10.0-android]
C:\Programmieren\KGV\KGV.neu\KGV.Maui\KGV.Maui.csproj : warning NU1903: Das Paket "SixLabors.ImageSharp" 1.0.4 weist eine bekannte hoch Schweregrad-Sicherheitsanf├ñlligkeit auf, https://github.com/advisories/GHSA-2cmq-823j-5qj8. [TargetFramework=net10.0-android]
C:\Programmieren\KGV\KGV.neu\KGV.Maui\KGV.Maui.csproj : warning NU1902: Das Paket "SixLabors.ImageSharp" 1.0.4 weist eine bekannte Moderat Schweregrad-Sicherheitsanf├ñlligkeit auf, https://github.com/advisories/GHSA-5x7m-6737-26cr. [TargetFramework=net10.0-android]
C:\Programmieren\KGV\KGV.neu\KGV.Maui\KGV.Maui.csproj : warning NU1903: Das Paket "SixLabors.ImageSharp" 1.0.4 weist eine bekannte hoch Schweregrad-Sicherheitsanf├ñlligkeit auf, https://github.com/advisories/GHSA-63p8-c4ww-9cg7. [TargetFramework=net10.0-android]
C:\Programmieren\KGV\KGV.neu\KGV.Maui\KGV.Maui.csproj : warning NU1903: Das Paket "SixLabors.ImageSharp" 1.0.4 weist eine bekannte hoch Schweregrad-Sicherheitsanf├ñlligkeit auf, https://github.com/advisories/GHSA-65x7-c272-7g7r. [TargetFramework=net10.0-android]
C:\Programmieren\KGV\KGV.neu\KGV.Maui\KGV.Maui.csproj : warning NU1902: Das Paket "SixLabors.ImageSharp" 1.0.4 weist eine bekannte Moderat Schweregrad-Sicherheitsanf├ñlligkeit auf, https://github.com/advisories/GHSA-g85r-6x2q-45w7. [TargetFramework=net10.0-android]
C:\Programmieren\KGV\KGV.neu\KGV.Maui\KGV.Maui.csproj : warning NU1902: Das Paket "SixLabors.ImageSharp" 1.0.4 weist eine bekannte Moderat Schweregrad-Sicherheitsanf├ñlligkeit auf, https://github.com/advisories/GHSA-qxrv-gp6x-rc23. [TargetFramework=net10.0-android]
C:\Programmieren\KGV\KGV.neu\KGV.Maui\KGV.Maui.csproj : warning NU1902: Das Paket "SixLabors.ImageSharp" 1.0.4 weist eine bekannte Moderat Schweregrad-Sicherheitsanf├ñlligkeit auf, https://github.com/advisories/GHSA-rxmq-m78w-7wmc. [TargetFramework=net10.0-android]
C:\Programmieren\KGV\KGV.neu\KGV.Maui\KGV.Maui.csproj : warning NU1903: Das Paket "System.IO.Packaging" 8.0.0 weist eine bekannte hoch Schweregrad-Sicherheitsanf├ñlligkeit auf, https://github.com/advisories/GHSA-f32c-w444-8ppv. [TargetFramework=net10.0-android]
C:\Programmieren\KGV\KGV.neu\KGV.Maui\KGV.Maui.csproj : warning NU1903: Das Paket "System.IO.Packaging" 8.0.0 weist eine bekannte hoch Schweregrad-Sicherheitsanf├ñlligkeit auf, https://github.com/advisories/GHSA-qj66-m88j-hmgj. [TargetFramework=net10.0-android]
  Alle Projekte sind f├╝r die Wiederherstellung auf dem neuesten Stand.
C:\Program Files\dotnet\packs\Microsoft.Maui.Sdk\10.0.20\Sdk\BundledVersions.targets(75,5): warning MA002: Starting with .NET 8, setting  <UseMaui>true</UseMaui>  does not automatically include NuGet package references in your project.  Update your project by including this item:  <PackageReference Include="Microsoft.Maui.Controls" Version="10.0.20" />.  You can skip this warning by setting  <SkipValidateMauiImplicitPackageReferences>true</SkipValidateMauiImplicitPackageReferences>  in your project file. [C:\Programmieren\KGV\KGV.neu\KGV.Maui\KGV.Maui.csproj::TargetFramework=net10.0-android]
C:\Programmieren\KGV\KGV.neu\KGV.Maui\KGV.Maui.csproj : warning NU1603: KGV.Core h├ñngt von DocumentFormat.OpenXml (>= 2.21.0) ab, aber DocumentFormat.OpenXml 2.21.0 wurde nicht gefunden. DocumentFormat.OpenXml 3.0.0 wurde stattdessen aufgel├Âst. [TargetFramework=net10.0-android]
C:\Programmieren\KGV\KGV.neu\KGV.Maui\KGV.Maui.csproj : warning NU1903: Das Paket "SixLabors.ImageSharp" 1.0.4 weist eine bekannte hoch Schweregrad-Sicherheitsanf├ñlligkeit auf, https://github.com/advisories/GHSA-2cmq-823j-5qj8. [TargetFramework=net10.0-android]
C:\Programmieren\KGV\KGV.neu\KGV.Maui\KGV.Maui.csproj : warning NU1902: Das Paket "SixLabors.ImageSharp" 1.0.4 weist eine bekannte Moderat Schweregrad-Sicherheitsanf├ñlligkeit auf, https://github.com/advisories/GHSA-5x7m-6737-26cr. [TargetFramework=net10.0-android]
C:\Programmieren\KGV\KGV.neu\KGV.Maui\KGV.Maui.csproj : warning NU1903: Das Paket "SixLabors.ImageSharp" 1.0.4 weist eine bekannte hoch Schweregrad-Sicherheitsanf├ñlligkeit auf, https://github.com/advisories/GHSA-63p8-c4ww-9cg7. [TargetFramework=net10.0-android]
C:\Programmieren\KGV\KGV.neu\KGV.Maui\KGV.Maui.csproj : warning NU1903: Das Paket "SixLabors.ImageSharp" 1.0.4 weist eine bekannte hoch Schweregrad-Sicherheitsanf├ñlligkeit auf, https://github.com/advisories/GHSA-65x7-c272-7g7r. [TargetFramework=net10.0-android]
C:\Programmieren\KGV\KGV.neu\KGV.Maui\KGV.Maui.csproj : warning NU1902: Das Paket "SixLabors.ImageSharp" 1.0.4 weist eine bekannte Moderat Schweregrad-Sicherheitsanf├ñlligkeit auf, https://github.com/advisories/GHSA-g85r-6x2q-45w7. [TargetFramework=net10.0-android]
C:\Programmieren\KGV\KGV.neu\KGV.Maui\KGV.Maui.csproj : warning NU1902: Das Paket "SixLabors.ImageSharp" 1.0.4 weist eine bekannte Moderat Schweregrad-Sicherheitsanf├ñlligkeit auf, https://github.com/advisories/GHSA-qxrv-gp6x-rc23. [TargetFramework=net10.0-android]
C:\Programmieren\KGV\KGV.neu\KGV.Maui\KGV.Maui.csproj : warning NU1902: Das Paket "SixLabors.ImageSharp" 1.0.4 weist eine bekannte Moderat Schweregrad-Sicherheitsanf├ñlligkeit auf, https://github.com/advisories/GHSA-rxmq-m78w-7wmc. [TargetFramework=net10.0-android]
C:\Programmieren\KGV\KGV.neu\KGV.Maui\KGV.Maui.csproj : warning NU1903: Das Paket "System.IO.Packaging" 8.0.0 weist eine bekannte hoch Schweregrad-Sicherheitsanf├ñlligkeit auf, https://github.com/advisories/GHSA-f32c-w444-8ppv. [TargetFramework=net10.0-android]
C:\Programmieren\KGV\KGV.neu\KGV.Maui\KGV.Maui.csproj : warning NU1903: Das Paket "System.IO.Packaging" 8.0.0 weist eine bekannte hoch Schweregrad-Sicherheitsanf├ñlligkeit auf, https://github.com/advisories/GHSA-qj66-m88j-hmgj. [TargetFramework=net10.0-android]
C:\Programmieren\KGV\KGV.neu\KGV.Infrastructure\KGV.Infrastructure.csproj : warning NU1603: KGV.Core h├ñngt von DocumentFormat.OpenXml (>= 2.21.0) ab, aber DocumentFormat.OpenXml 2.21.0 wurde nicht gefunden. DocumentFormat.OpenXml 3.0.0 wurde stattdessen aufgel├Âst.
C:\Programmieren\KGV\KGV.neu\KGV.Core\KGV.Core.csproj : warning NU1603: KGV.Core h├ñngt von DocumentFormat.OpenXml (>= 2.21.0) ab, aber DocumentFormat.OpenXml 2.21.0 wurde nicht gefunden. DocumentFormat.OpenXml 3.0.0 wurde stattdessen aufgel├Âst.
  KGV.Core -> C:\Programmieren\KGV\KGV.neu\KGV.Core\bin\Debug\net8.0\KGV.Core.dll
  KGV.Infrastructure -> C:\Programmieren\KGV\KGV.neu\KGV.Infrastructure\bin\Debug\net8.0\KGV.Infrastructure.dll
C:\Programmieren\KGV\KGV.neu\KGV.Maui\MainActivity.cs(45,9): warning CS0612: "MauiAppCompatActivity.OnBackPressed()" ist veraltet. [C:\Programmieren\KGV\KGV.neu\KGV.Maui\KGV.Maui.csproj::TargetFramework=net10.0-android]
C:\Programmieren\KGV\KGV.neu\KGV.Maui\AdminShell.cs(97,45): warning CS0618: "Page.DisplayAlert(string, string, string, string)" ist veraltet: "Use DisplayAlertAsync instead" [C:\Programmieren\KGV\KGV.neu\KGV.Maui\KGV.Maui.csproj::TargetFramework=net10.0-android]
C:\Programmieren\KGV\KGV.neu\KGV.Maui\MainActivity.cs(107,13): warning CS0612: "MauiAppCompatActivity.OnBackPressed()" ist veraltet. [C:\Programmieren\KGV\KGV.neu\KGV.Maui\KGV.Maui.csproj::TargetFramework=net10.0-android]
C:\Programmieren\KGV\KGV.neu\KGV.Maui\Pages\ZaehlerwechselPage.cs(86,48): warning CS0618: "Page.DisplayAlert(string, string, string, string)" ist veraltet: "Use DisplayAlertAsync instead" [C:\Programmieren\KGV\KGV.neu\KGV.Maui\KGV.Maui.csproj::TargetFramework=net10.0-android]
C:\Programmieren\KGV\KGV.neu\KGV.Maui\Pages\ZaehlerwechselEinbauPage.cs(99,19): warning CS0618: "Page.DisplayAlert(string, string, string)" ist veraltet: "Use DisplayAlertAsync instead" [C:\Programmieren\KGV\KGV.neu\KGV.Maui\KGV.Maui.csproj::TargetFramework=net10.0-android]
C:\Programmieren\KGV\KGV.neu\KGV.Maui\Pages\ZaehlerwechselEinbauPage.cs(105,19): warning CS0618: "Page.DisplayAlert(string, string, string)" ist veraltet: "Use DisplayAlertAsync instead" [C:\Programmieren\KGV\KGV.neu\KGV.Maui\KGV.Maui.csproj::TargetFramework=net10.0-android]
C:\Programmieren\KGV\KGV.neu\KGV.Maui\Pages\ZaehlerwechselEinbauPage.cs(112,19): warning CS0618: "Page.DisplayAlert(string, string, string)" ist veraltet: "Use DisplayAlertAsync instead" [C:\Programmieren\KGV\KGV.neu\KGV.Maui\KGV.Maui.csproj::TargetFramework=net10.0-android]
C:\Programmieren\KGV\KGV.neu\KGV.Maui\Pages\ZaehlerwechselEinbauPage.cs(132,35): error CS0266: Der Typ "System.DateTime?" kann nicht implizit in "System.DateTime" konvertiert werden. Es ist bereits eine explizite Konvertierung vorhanden (m├Âglicherweise fehlt eine Umwandlung). [C:\Programmieren\KGV\KGV.neu\KGV.Maui\KGV.Maui.csproj::TargetFramework=net10.0-android]
C:\Programmieren\KGV\KGV.neu\KGV.Maui\Pages\ZaehlerwechselEinbauPage.cs(139,35): error CS0266: Der Typ "System.DateTime?" kann nicht implizit in "System.DateTime" konvertiert werden. Es ist bereits eine explizite Konvertierung vorhanden (m├Âglicherweise fehlt eine Umwandlung). [C:\Programmieren\KGV\KGV.neu\KGV.Maui\KGV.Maui.csproj::TargetFramework=net10.0-android]
C:\Programmieren\KGV\KGV.neu\KGV.Maui\Pages\ZaehlerwechselEinbauPage.cs(150,90): error CS1503: Argument "3": Konvertierung von "System.DateTime?" in "System.DateTime" nicht m├Âglich. [C:\Programmieren\KGV\KGV.neu\KGV.Maui\KGV.Maui.csproj::TargetFramework=net10.0-android]
C:\Programmieren\KGV\KGV.neu\KGV.Maui\Pages\ZaehlerwechselEinbauPage.cs(163,15): warning CS0618: "Page.DisplayAlert(string, string, string)" ist veraltet: "Use DisplayAlertAsync instead" [C:\Programmieren\KGV\KGV.neu\KGV.Maui\KGV.Maui.csproj::TargetFramework=net10.0-android]
C:\Programmieren\KGV\KGV.neu\KGV.Maui\Pages\ZaehlerwechselEinbauPage.cs(132,35): warning CS8629: Ein Werttyp, der NULL zul├ñsst, kann NULL sein. [C:\Programmieren\KGV\KGV.neu\KGV.Maui\KGV.Maui.csproj::TargetFramework=net10.0-android]
C:\Programmieren\KGV\KGV.neu\KGV.Maui\Pages\ZaehlerwechselEinbauPage.cs(139,35): warning CS8629: Ein Werttyp, der NULL zul├ñsst, kann NULL sein. [C:\Programmieren\KGV\KGV.neu\KGV.Maui\KGV.Maui.csproj::TargetFramework=net10.0-android]
C:\Programmieren\KGV\KGV.neu\KGV.Maui\Pages\AblesungenFreigabePage.cs(353,31): warning CS0618: "Page.DisplayAlert(string, string, string, string)" ist veraltet: "Use DisplayAlertAsync instead" [C:\Programmieren\KGV\KGV.neu\KGV.Maui\KGV.Maui.csproj::TargetFramework=net10.0-android]
C:\Programmieren\KGV\KGV.neu\KGV.Maui\Pages\AblesungenFreigabePage.cs(398,31): warning CS0618: "Page.DisplayAlert(string, string, string, string)" ist veraltet: "Use DisplayAlertAsync instead" [C:\Programmieren\KGV\KGV.neu\KGV.Maui\KGV.Maui.csproj::TargetFramework=net10.0-android]
C:\Programmieren\KGV\KGV.neu\KGV.Maui\Pages\AdminMenuPage.cs(412,15): warning CS0618: "Page.DisplayAlert(string, string, string)" ist veraltet: "Use DisplayAlertAsync instead" [C:\Programmieren\KGV\KGV.neu\KGV.Maui\KGV.Maui.csproj::TargetFramework=net10.0-android]
C:\Programmieren\KGV\KGV.neu\KGV.Maui\Pages\AdminMenuPage.cs(427,19): warning CS0618: "Page.DisplayAlert(string, string, string)" ist veraltet: "Use DisplayAlertAsync instead" [C:\Programmieren\KGV\KGV.neu\KGV.Maui\KGV.Maui.csproj::TargetFramework=net10.0-android]
C:\Programmieren\KGV\KGV.neu\KGV.Maui\Pages\AdminMenuPage.cs(433,19): warning CS0618: "Page.DisplayAlert(string, string, string)" ist veraltet: "Use DisplayAlertAsync instead" [C:\Programmieren\KGV\KGV.neu\KGV.Maui\KGV.Maui.csproj::TargetFramework=net10.0-android]
C:\Programmieren\KGV\KGV.neu\KGV.Maui\Pages\AdminMenuPage.cs(439,19): warning CS0618: "Page.DisplayAlert(string, string, string)" ist veraltet: "Use DisplayAlertAsync instead" [C:\Programmieren\KGV\KGV.neu\KGV.Maui\KGV.Maui.csproj::TargetFramework=net10.0-android]
C:\Programmieren\KGV\KGV.neu\KGV.Maui\Pages\AdminMenuPage.cs(445,19): warning CS0618: "Page.DisplayAlert(string, string, string)" ist veraltet: "Use DisplayAlertAsync instead" [C:\Programmieren\KGV\KGV.neu\KGV.Maui\KGV.Maui.csproj::TargetFramework=net10.0-android]
C:\Programmieren\KGV\KGV.neu\KGV.Maui\Pages\AdminMenuPage.cs(457,19): warning CS0618: "Page.DisplayAlert(string, string, string)" ist veraltet: "Use DisplayAlertAsync instead" [C:\Programmieren\KGV\KGV.neu\KGV.Maui\KGV.Maui.csproj::TargetFramework=net10.0-android]
C:\Programmieren\KGV\KGV.neu\KGV.Maui\Pages\AdminMenuPage.cs(462,15): warning CS0618: "Page.DisplayAlert(string, string, string)" ist veraltet: "Use DisplayAlertAsync instead" [C:\Programmieren\KGV\KGV.neu\KGV.Maui\KGV.Maui.csproj::TargetFramework=net10.0-android]
C:\Programmieren\KGV\KGV.neu\KGV.Maui\Pages\AblesungErfassenPage.cs(353,25): warning CS0618: "IMediaPicker.PickPhotoAsync(MediaPickerOptions?)" ist veraltet: "Switch to PickPhotosAsync which also allows multiple selections." [C:\Programmieren\KGV\KGV.neu\KGV.Maui\KGV.Maui.csproj::TargetFramework=net10.0-android]
C:\Programmieren\KGV\KGV.neu\KGV.Maui\Pages\ZaehlerwechselAusbauPage.cs(130,25): warning CS0618: "IMediaPicker.PickPhotoAsync(MediaPickerOptions?)" ist veraltet: "Switch to PickPhotosAsync which also allows multiple selections." [C:\Programmieren\KGV\KGV.neu\KGV.Maui\KGV.Maui.csproj::TargetFramework=net10.0-android]
C:\Programmieren\KGV\KGV.neu\KGV.Maui\Pages\ArbeitseinsaetzeEditorPage.cs(605,86): error CS1503: Argument "1": Konvertierung von "System.DateTime?" in "System.DateTime" nicht m├Âglich. [C:\Programmieren\KGV\KGV.neu\KGV.Maui\KGV.Maui.csproj::TargetFramework=net10.0-android]
C:\Programmieren\KGV\KGV.neu\KGV.Maui\Pages\AdminMenuPage.cs(533,19): warning CS0618: "Page.DisplayAlert(string, string, string)" ist veraltet: "Use DisplayAlertAsync instead" [C:\Programmieren\KGV\KGV.neu\KGV.Maui\KGV.Maui.csproj::TargetFramework=net10.0-android]
C:\Programmieren\KGV\KGV.neu\KGV.Maui\Pages\AdminMenuPage.cs(539,19): warning CS0618: "Page.DisplayAlert(string, string, string)" ist veraltet: "Use DisplayAlertAsync instead" [C:\Programmieren\KGV\KGV.neu\KGV.Maui\KGV.Maui.csproj::TargetFramework=net10.0-android]
C:\Programmieren\KGV\KGV.neu\KGV.Maui\Pages\AdminMenuPage.cs(545,19): warning CS0618: "Page.DisplayAlert(string, string, string)" ist veraltet: "Use DisplayAlertAsync instead" [C:\Programmieren\KGV\KGV.neu\KGV.Maui\KGV.Maui.csproj::TargetFramework=net10.0-android]
C:\Programmieren\KGV\KGV.neu\KGV.Maui\Pages\AdminMenuPage.cs(551,19): warning CS0618: "Page.DisplayAlert(string, string, string)" ist veraltet: "Use DisplayAlertAsync instead" [C:\Programmieren\KGV\KGV.neu\KGV.Maui\KGV.Maui.csproj::TargetFramework=net10.0-android]
C:\Programmieren\KGV\KGV.neu\KGV.Maui\Pages\AdminMenuPage.cs(559,23): warning CS0618: "Page.DisplayAlert(string, string, string)" ist veraltet: "Use DisplayAlertAsync instead" [C:\Programmieren\KGV\KGV.neu\KGV.Maui\KGV.Maui.csproj::TargetFramework=net10.0-android]
C:\Programmieren\KGV\KGV.neu\KGV.Maui\Pages\AdminMenuPage.cs(566,23): warning CS0618: "Page.DisplayAlert(string, string, string)" ist veraltet: "Use DisplayAlertAsync instead" [C:\Programmieren\KGV\KGV.neu\KGV.Maui\KGV.Maui.csproj::TargetFramework=net10.0-android]
C:\Programmieren\KGV\KGV.neu\KGV.Maui\Pages\AdminMenuPage.cs(579,19): warning CS0618: "Page.DisplayAlert(string, string, string)" ist veraltet: "Use DisplayAlertAsync instead" [C:\Programmieren\KGV\KGV.neu\KGV.Maui\KGV.Maui.csproj::TargetFramework=net10.0-android]
C:\Programmieren\KGV\KGV.neu\KGV.Maui\Pages\AdminMenuPage.cs(583,19): warning CS0618: "Page.DisplayAlert(string, string, string)" ist veraltet: "Use DisplayAlertAsync instead" [C:\Programmieren\KGV\KGV.neu\KGV.Maui\KGV.Maui.csproj::TargetFramework=net10.0-android]
C:\Programmieren\KGV\KGV.neu\KGV.Maui\Pages\ArbeitsstundenReviewPage.cs(116,37): warning CS8604: M├Âgliches Nullverweisargument f├╝r den Parameter "entries" in "void ArbeitsstundenReviewState.SetEntries(IEnumerable<ArbeitsstundeDTO> entries, int? selectedEntryId = null)". [C:\Programmieren\KGV\KGV.neu\KGV.Maui\KGV.Maui.csproj::TargetFramework=net10.0-android]
C:\Programmieren\KGV\KGV.neu\KGV.Maui\Pages\ArbeitsstundenReviewPage.cs(123,35): warning CS8602: Dereferenzierung eines m├Âglichen Nullverweises. [C:\Programmieren\KGV\KGV.neu\KGV.Maui\KGV.Maui.csproj::TargetFramework=net10.0-android]
C:\Programmieren\KGV\KGV.neu\KGV.Maui\Pages\ArbeitseinsaetzeEditorPage.cs(629,35): error CS1503: Argument "1": Konvertierung von "System.DateTime?" in "System.DateTime" nicht m├Âglich. [C:\Programmieren\KGV\KGV.neu\KGV.Maui\KGV.Maui.csproj::TargetFramework=net10.0-android]
C:\Programmieren\KGV\KGV.neu\KGV.Maui\Pages\ArbeitseinsaetzeEditorPage.cs(636,40): error CS1061: "DateTime?" enth├ñlt keine Definition f├╝r "Date", und es konnte keine zug├ñngliche Date-Erweiterungsmethode gefunden werden, die ein erstes Argument vom Typ "DateTime?" akzeptiert (m├Âglicherweise fehlt eine using-Direktive oder ein Assemblyverweis). [C:\Programmieren\KGV\KGV.neu\KGV.Maui\KGV.Maui.csproj::TargetFramework=net10.0-android]
C:\Programmieren\KGV\KGV.neu\KGV.Maui\Pages\ArbeitseinsaetzeEditorPage.cs(637,41): error CS1061: "DateTime?" enth├ñlt keine Definition f├╝r "Date", und es konnte keine zug├ñngliche Date-Erweiterungsmethode gefunden werden, die ein erstes Argument vom Typ "DateTime?" akzeptiert (m├Âglicherweise fehlt eine using-Direktive oder ein Assemblyverweis). [C:\Programmieren\KGV\KGV.neu\KGV.Maui\KGV.Maui.csproj::TargetFramework=net10.0-android]
C:\Programmieren\KGV\KGV.neu\KGV.Maui\Pages\ArbeitseinsaetzeEditorPage.cs(639,79): error CS1061: "DateTime?" enth├ñlt keine Definition f├╝r "Date", und es konnte keine zug├ñngliche Date-Erweiterungsmethode gefunden werden, die ein erstes Argument vom Typ "DateTime?" akzeptiert (m├Âglicherweise fehlt eine using-Direktive oder ein Assemblyverweis). [C:\Programmieren\KGV\KGV.neu\KGV.Maui\KGV.Maui.csproj::TargetFramework=net10.0-android]
C:\Programmieren\KGV\KGV.neu\KGV.Maui\Pages\ArbeitseinsaetzeEditorPage.cs(630,13): error CS1503: Argument "4": Konvertierung von "System.TimeSpan?" in "System.TimeSpan" nicht m├Âglich. [C:\Programmieren\KGV\KGV.neu\KGV.Maui\KGV.Maui.csproj::TargetFramework=net10.0-android]
C:\Programmieren\KGV\KGV.neu\KGV.Maui\Pages\ArbeitseinsaetzeEditorPage.cs(631,13): error CS1503: Argument "5": Konvertierung von "System.TimeSpan?" in "System.TimeSpan" nicht m├Âglich. [C:\Programmieren\KGV\KGV.neu\KGV.Maui\KGV.Maui.csproj::TargetFramework=net10.0-android]
C:\Programmieren\KGV\KGV.neu\KGV.Maui\Pages\ZaehlerwechselAusbauPage.cs(170,19): warning CS0618: "Page.DisplayAlert(string, string, string)" ist veraltet: "Use DisplayAlertAsync instead" [C:\Programmieren\KGV\KGV.neu\KGV.Maui\KGV.Maui.csproj::TargetFramework=net10.0-android]
C:\Programmieren\KGV\KGV.neu\KGV.Maui\Pages\ZaehlerwechselAusbauPage.cs(176,19): warning CS0618: "Page.DisplayAlert(string, string, string)" ist veraltet: "Use DisplayAlertAsync instead" [C:\Programmieren\KGV\KGV.neu\KGV.Maui\KGV.Maui.csproj::TargetFramework=net10.0-android]
C:\Programmieren\KGV\KGV.neu\KGV.Maui\Pages\ZaehlerwechselAusbauPage.cs(182,19): warning CS0618: "Page.DisplayAlert(string, string, string)" ist veraltet: "Use DisplayAlertAsync instead" [C:\Programmieren\KGV\KGV.neu\KGV.Maui\KGV.Maui.csproj::TargetFramework=net10.0-android]
C:\Programmieren\KGV\KGV.neu\KGV.Maui\Pages\ZaehlerwechselAusbauPage.cs(247,19): warning CS0618: "Page.DisplayAlert(string, string, string)" ist veraltet: "Use DisplayAlertAsync instead" [C:\Programmieren\KGV\KGV.neu\KGV.Maui\KGV.Maui.csproj::TargetFramework=net10.0-android]
C:\Programmieren\KGV\KGV.neu\KGV.Maui\Pages\AblesungErfassenPage.cs(400,19): warning CS0618: "Page.DisplayAlert(string, string, string)" ist veraltet: "Use DisplayAlertAsync instead" [C:\Programmieren\KGV\KGV.neu\KGV.Maui\KGV.Maui.csproj::TargetFramework=net10.0-android]
C:\Programmieren\KGV\KGV.neu\KGV.Maui\Pages\AblesungErfassenPage.cs(406,19): warning CS0618: "Page.DisplayAlert(string, string, string)" ist veraltet: "Use DisplayAlertAsync instead" [C:\Programmieren\KGV\KGV.neu\KGV.Maui\KGV.Maui.csproj::TargetFramework=net10.0-android]
C:\Programmieren\KGV\KGV.neu\KGV.Maui\Pages\AblesungErfassenPage.cs(412,19): warning CS0618: "Page.DisplayAlert(string, string, string)" ist veraltet: "Use DisplayAlertAsync instead" [C:\Programmieren\KGV\KGV.neu\KGV.Maui\KGV.Maui.csproj::TargetFramework=net10.0-android]
C:\Programmieren\KGV\KGV.neu\KGV.Maui\Pages\AblesungErfassenPage.cs(419,19): warning CS0618: "Page.DisplayAlert(string, string, string)" ist veraltet: "Use DisplayAlertAsync instead" [C:\Programmieren\KGV\KGV.neu\KGV.Maui\KGV.Maui.csproj::TargetFramework=net10.0-android]
C:\Programmieren\KGV\KGV.neu\KGV.Maui\Pages\AblesungErfassenPage.cs(488,31): error CS0266: Der Typ "System.DateTime?" kann nicht implizit in "System.DateTime" konvertiert werden. Es ist bereits eine explizite Konvertierung vorhanden (m├Âglicherweise fehlt eine Umwandlung). [C:\Programmieren\KGV\KGV.neu\KGV.Maui\KGV.Maui.csproj::TargetFramework=net10.0-android]
C:\Programmieren\KGV\KGV.neu\KGV.Maui\Pages\AblesungErfassenPage.cs(510,19): warning CS0618: "Page.DisplayAlert(string, string, string)" ist veraltet: "Use DisplayAlertAsync instead" [C:\Programmieren\KGV\KGV.neu\KGV.Maui\KGV.Maui.csproj::TargetFramework=net10.0-android]
C:\Programmieren\KGV\KGV.neu\KGV.Maui\Pages\HomeManagementPage.cs(94,13): warning CS8602: Dereferenzierung eines m├Âglichen Nullverweises. [C:\Programmieren\KGV\KGV.neu\KGV.Maui\KGV.Maui.csproj::TargetFramework=net10.0-android]
C:\Programmieren\KGV\KGV.neu\KGV.Maui\Pages\HomeManagementPage.cs(129,59): warning CS8602: Dereferenzierung eines m├Âglichen Nullverweises. [C:\Programmieren\KGV\KGV.neu\KGV.Maui\KGV.Maui.csproj::TargetFramework=net10.0-android]
C:\Programmieren\KGV\KGV.neu\KGV.Maui\Pages\HomeManagementPage.cs(133,57): warning CS8602: Dereferenzierung eines m├Âglichen Nullverweises. [C:\Programmieren\KGV\KGV.neu\KGV.Maui\KGV.Maui.csproj::TargetFramework=net10.0-android]
C:\Programmieren\KGV\KGV.neu\KGV.Maui\Pages\HomeManagementPage.cs(138,65): warning CS8602: Dereferenzierung eines m├Âglichen Nullverweises. [C:\Programmieren\KGV\KGV.neu\KGV.Maui\KGV.Maui.csproj::TargetFramework=net10.0-android]
C:\Programmieren\KGV\KGV.neu\KGV.Maui\Pages\DokumentePage.xaml.cs(140,41): warning CS0612: "Device" ist veraltet. [C:\Programmieren\KGV\KGV.neu\KGV.Maui\KGV.Maui.csproj::TargetFramework=net10.0-android]
C:\Programmieren\KGV\KGV.neu\KGV.Maui\Pages\DokumentePage.xaml.cs(140,41): warning CS0618: "Device.BeginInvokeOnMainThread(Action)" ist veraltet: "Use BindableObject.Dispatcher.Dispatch() instead." [C:\Programmieren\KGV\KGV.neu\KGV.Maui\KGV.Maui.csproj::TargetFramework=net10.0-android]
C:\Programmieren\KGV\KGV.neu\KGV.Maui\Pages\DokumentePage.xaml.cs(143,37): warning CS0612: "Device" ist veraltet. [C:\Programmieren\KGV\KGV.neu\KGV.Maui\KGV.Maui.csproj::TargetFramework=net10.0-android]
C:\Programmieren\KGV\KGV.neu\KGV.Maui\Pages\DokumentePage.xaml.cs(143,37): warning CS0618: "Device.BeginInvokeOnMainThread(Action)" ist veraltet: "Use BindableObject.Dispatcher.Dispatch() instead." [C:\Programmieren\KGV\KGV.neu\KGV.Maui\KGV.Maui.csproj::TargetFramework=net10.0-android]
C:\Programmieren\KGV\KGV.neu\KGV.Maui\Pages\DokumentePage.xaml.cs(147,37): warning CS0612: "Device" ist veraltet. [C:\Programmieren\KGV\KGV.neu\KGV.Maui\KGV.Maui.csproj::TargetFramework=net10.0-android]
C:\Programmieren\KGV\KGV.neu\KGV.Maui\Pages\DokumentePage.xaml.cs(147,37): warning CS0618: "Device.BeginInvokeOnMainThread(Action)" ist veraltet: "Use BindableObject.Dispatcher.Dispatch() instead." [C:\Programmieren\KGV\KGV.neu\KGV.Maui\KGV.Maui.csproj::TargetFramework=net10.0-android]
C:\Programmieren\KGV\KGV.neu\KGV.Maui\Pages\DokumentePage.xaml.cs(178,37): warning CS0612: "Device" ist veraltet. [C:\Programmieren\KGV\KGV.neu\KGV.Maui\KGV.Maui.csproj::TargetFramework=net10.0-android]
C:\Programmieren\KGV\KGV.neu\KGV.Maui\Pages\DokumentePage.xaml.cs(178,37): warning CS0618: "Device.BeginInvokeOnMainThread(Action)" ist veraltet: "Use BindableObject.Dispatcher.Dispatch() instead." [C:\Programmieren\KGV\KGV.neu\KGV.Maui\KGV.Maui.csproj::TargetFramework=net10.0-android]
C:\Programmieren\KGV\KGV.neu\KGV.Maui\Pages\DokumentePage.xaml.cs(182,33): warning CS0612: "Device" ist veraltet. [C:\Programmieren\KGV\KGV.neu\KGV.Maui\KGV.Maui.csproj::TargetFramework=net10.0-android]
C:\Programmieren\KGV\KGV.neu\KGV.Maui\Pages\DokumentePage.xaml.cs(182,33): warning CS0618: "Device.BeginInvokeOnMainThread(Action)" ist veraltet: "Use BindableObject.Dispatcher.Dispatch() instead." [C:\Programmieren\KGV\KGV.neu\KGV.Maui\KGV.Maui.csproj::TargetFramework=net10.0-android]
C:\Programmieren\KGV\KGV.neu\KGV.Maui\Pages\DokumentePage.xaml.cs(186,33): warning CS0612: "Device" ist veraltet. [C:\Programmieren\KGV\KGV.neu\KGV.Maui\KGV.Maui.csproj::TargetFramework=net10.0-android]
C:\Programmieren\KGV\KGV.neu\KGV.Maui\Pages\DokumentePage.xaml.cs(186,33): warning CS0618: "Device.BeginInvokeOnMainThread(Action)" ist veraltet: "Use BindableObject.Dispatcher.Dispatch() instead." [C:\Programmieren\KGV\KGV.neu\KGV.Maui\KGV.Maui.csproj::TargetFramework=net10.0-android]
C:\Programmieren\KGV\KGV.neu\KGV.Maui\Pages\ArbeitsstundenReviewDetailPage.cs(446,29): warning CS0618: "Page.DisplayAlert(string, string, string, string)" ist veraltet: "Use DisplayAlertAsync instead" [C:\Programmieren\KGV\KGV.neu\KGV.Maui\KGV.Maui.csproj::TargetFramework=net10.0-android]
C:\Programmieren\KGV\KGV.neu\KGV.Maui\Pages\BekanntmachungEditorPage.cs(446,31): warning CS0618: "Page.DisplayAlert(string, string, string, string)" ist veraltet: "Use DisplayAlertAsync instead" [C:\Programmieren\KGV\KGV.neu\KGV.Maui\KGV.Maui.csproj::TargetFramework=net10.0-android]
C:\Programmieren\KGV\KGV.neu\KGV.Maui\Pages\BekanntmachungEditorPage.cs(467,19): warning CS0618: "Page.DisplayAlert(string, string, string)" ist veraltet: "Use DisplayAlertAsync instead" [C:\Programmieren\KGV\KGV.neu\KGV.Maui\KGV.Maui.csproj::TargetFramework=net10.0-android]
C:\Programmieren\KGV\KGV.neu\KGV.Maui\Pages\HomeSectionDetailPage.cs(534,31): warning CS0618: "Page.DisplayAlert(string, string, string, string)" ist veraltet: "Use DisplayAlertAsync instead" [C:\Programmieren\KGV\KGV.neu\KGV.Maui\KGV.Maui.csproj::TargetFramework=net10.0-android]
C:\Programmieren\KGV\KGV.neu\KGV.Maui\Pages\DokumentePage.xaml.cs(615,31): warning CS0618: "Page.DisplayAlert(string, string, string, string)" ist veraltet: "Use DisplayAlertAsync instead" [C:\Programmieren\KGV\KGV.neu\KGV.Maui\KGV.Maui.csproj::TargetFramework=net10.0-android]
C:\Programmieren\KGV\KGV.neu\KGV.Maui\Pages\LoginPage.xaml.cs(515,15): warning CS0618: "Page.DisplayAlert(string, string, string)" ist veraltet: "Use DisplayAlertAsync instead" [C:\Programmieren\KGV\KGV.neu\KGV.Maui\KGV.Maui.csproj::TargetFramework=net10.0-android]
C:\Programmieren\KGV\KGV.neu\KGV.Maui\Pages\MemberGardenAssignPage.cs(172,19): warning CS0618: "Page.DisplayAlert(string, string, string)" ist veraltet: "Use DisplayAlertAsync instead" [C:\Programmieren\KGV\KGV.neu\KGV.Maui\KGV.Maui.csproj::TargetFramework=net10.0-android]
C:\Programmieren\KGV\KGV.neu\KGV.Maui\Pages\MemberGardenAssignPage.cs(178,19): warning CS0618: "Page.DisplayAlert(string, string, string)" ist veraltet: "Use DisplayAlertAsync instead" [C:\Programmieren\KGV\KGV.neu\KGV.Maui\KGV.Maui.csproj::TargetFramework=net10.0-android]
C:\Programmieren\KGV\KGV.neu\KGV.Maui\Pages\MemberGardenAssignPage.cs(184,19): warning CS0618: "Page.DisplayAlert(string, string, string)" ist veraltet: "Use DisplayAlertAsync instead" [C:\Programmieren\KGV\KGV.neu\KGV.Maui\KGV.Maui.csproj::TargetFramework=net10.0-android]
C:\Programmieren\KGV\KGV.neu\KGV.Maui\Pages\MemberGardenAssignPage.cs(198,23): warning CS0618: "Page.DisplayAlert(string, string, string)" ist veraltet: "Use DisplayAlertAsync instead" [C:\Programmieren\KGV\KGV.neu\KGV.Maui\KGV.Maui.csproj::TargetFramework=net10.0-android]
C:\Programmieren\KGV\KGV.neu\KGV.Maui\Pages\MemberGardenAssignPage.cs(202,40): warning CS0618: "Page.DisplayAlert(string, string, string, string)" ist veraltet: "Use DisplayAlertAsync instead" [C:\Programmieren\KGV\KGV.neu\KGV.Maui\KGV.Maui.csproj::TargetFramework=net10.0-android]
C:\Programmieren\KGV\KGV.neu\KGV.Maui\Pages\MemberGardenAssignPage.cs(213,19): warning CS0618: "Page.DisplayAlert(string, string, string)" ist veraltet: "Use DisplayAlertAsync instead" [C:\Programmieren\KGV\KGV.neu\KGV.Maui\KGV.Maui.csproj::TargetFramework=net10.0-android]
C:\Programmieren\KGV\KGV.neu\KGV.Maui\Pages\MemberGardenAssignPage.cs(218,19): warning CS0618: "Page.DisplayAlert(string, string, string)" ist veraltet: "Use DisplayAlertAsync instead" [C:\Programmieren\KGV\KGV.neu\KGV.Maui\KGV.Maui.csproj::TargetFramework=net10.0-android]
C:\Programmieren\KGV\KGV.neu\KGV.Maui\Pages\MemberGardensPage.cs(238,19): warning CS0618: "Page.DisplayAlert(string, string, string)" ist veraltet: "Use DisplayAlertAsync instead" [C:\Programmieren\KGV\KGV.neu\KGV.Maui\KGV.Maui.csproj::TargetFramework=net10.0-android]
C:\Programmieren\KGV\KGV.neu\KGV.Maui\Pages\MemberGardensPage.cs(244,19): warning CS0618: "Page.DisplayAlert(string, string, string)" ist veraltet: "Use DisplayAlertAsync instead" [C:\Programmieren\KGV\KGV.neu\KGV.Maui\KGV.Maui.csproj::TargetFramework=net10.0-android]
C:\Programmieren\KGV\KGV.neu\KGV.Maui\Pages\ExportPage.cs(91,28): warning CS0618: "Frame" ist veraltet: "Frame is obsolete as of .NET 9. Please use Border instead." [C:\Programmieren\KGV\KGV.neu\KGV.Maui\KGV.Maui.csproj::TargetFramework=net10.0-android]
C:\Programmieren\KGV\KGV.neu\KGV.Maui\Pages\MemberParzellenDetailPage.cs(362,19): warning CS0618: "Page.DisplayAlert(string, string, string)" ist veraltet: "Use DisplayAlertAsync instead" [C:\Programmieren\KGV\KGV.neu\KGV.Maui\KGV.Maui.csproj::TargetFramework=net10.0-android]
C:\Programmieren\KGV\KGV.neu\KGV.Maui\Pages\MemberParzellenDetailPage.cs(419,19): warning CS0618: "Page.DisplayAlert(string, string, string)" ist veraltet: "Use DisplayAlertAsync instead" [C:\Programmieren\KGV\KGV.neu\KGV.Maui\KGV.Maui.csproj::TargetFramework=net10.0-android]
C:\Programmieren\KGV\KGV.neu\KGV.Maui\Pages\MemberParzellenDetailPage.cs(425,19): warning CS0618: "Page.DisplayAlert(string, string, string)" ist veraltet: "Use DisplayAlertAsync instead" [C:\Programmieren\KGV\KGV.neu\KGV.Maui\KGV.Maui.csproj::TargetFramework=net10.0-android]
C:\Programmieren\KGV\KGV.neu\KGV.Maui\Pages\MemberParzellenDetailPage.cs(456,27): warning CS0618: "Page.DisplayAlert(string, string, string)" ist veraltet: "Use DisplayAlertAsync instead" [C:\Programmieren\KGV\KGV.neu\KGV.Maui\KGV.Maui.csproj::TargetFramework=net10.0-android]
C:\Programmieren\KGV\KGV.neu\KGV.Maui\Pages\MemberParzellenDetailPage.cs(463,31): warning CS0618: "Page.DisplayAlert(string, string, string)" ist veraltet: "Use DisplayAlertAsync instead" [C:\Programmieren\KGV\KGV.neu\KGV.Maui\KGV.Maui.csproj::TargetFramework=net10.0-android]
C:\Programmieren\KGV\KGV.neu\KGV.Maui\Pages\MemberParzellenDetailPage.cs(465,31): warning CS0618: "Page.DisplayAlert(string, string, string)" ist veraltet: "Use DisplayAlertAsync instead" [C:\Programmieren\KGV\KGV.neu\KGV.Maui\KGV.Maui.csproj::TargetFramework=net10.0-android]
C:\Programmieren\KGV\KGV.neu\KGV.Maui\Pages\MemberParzellenDetailPage.cs(472,19): warning CS0618: "Page.DisplayAlert(string, string, string)" ist veraltet: "Use DisplayAlertAsync instead" [C:\Programmieren\KGV\KGV.neu\KGV.Maui\KGV.Maui.csproj::TargetFramework=net10.0-android]
C:\Programmieren\KGV\KGV.neu\KGV.Maui\Pages\MitgliedsantragDialogPage.cs(285,19): warning CS0618: "Page.DisplayAlert(string, string, string)" ist veraltet: "Use DisplayAlertAsync instead" [C:\Programmieren\KGV\KGV.neu\KGV.Maui\KGV.Maui.csproj::TargetFramework=net10.0-android]
C:\Programmieren\KGV\KGV.neu\KGV.Maui\Pages\MitgliedsantragDialogPage.cs(292,19): warning CS0618: "Page.DisplayAlert(string, string, string)" ist veraltet: "Use DisplayAlertAsync instead" [C:\Programmieren\KGV\KGV.neu\KGV.Maui\KGV.Maui.csproj::TargetFramework=net10.0-android]
C:\Programmieren\KGV\KGV.neu\KGV.Maui\Pages\MitgliedsantragDialogPage.cs(312,27): warning CS0618: "Page.DisplayAlert(string, string, string)" ist veraltet: "Use DisplayAlertAsync instead" [C:\Programmieren\KGV\KGV.neu\KGV.Maui\KGV.Maui.csproj::TargetFramework=net10.0-android]
C:\Programmieren\KGV\KGV.neu\KGV.Maui\Pages\MitgliedsantragDialogPage.cs(327,27): warning CS0618: "Page.DisplayAlert(string, string, string)" ist veraltet: "Use DisplayAlertAsync instead" [C:\Programmieren\KGV\KGV.neu\KGV.Maui\KGV.Maui.csproj::TargetFramework=net10.0-android]
C:\Programmieren\KGV\KGV.neu\KGV.Maui\Pages\MitgliedsantragDialogPage.cs(349,31): warning CS0618: "Page.DisplayAlert(string, string, string)" ist veraltet: "Use DisplayAlertAsync instead" [C:\Programmieren\KGV\KGV.neu\KGV.Maui\KGV.Maui.csproj::TargetFramework=net10.0-android]
C:\Programmieren\KGV\KGV.neu\KGV.Maui\Pages\MemberDetailPage.cs(455,19): warning CS0618: "Page.DisplayAlert(string, string, string)" ist veraltet: "Use DisplayAlertAsync instead" [C:\Programmieren\KGV\KGV.neu\KGV.Maui\KGV.Maui.csproj::TargetFramework=net10.0-android]
C:\Programmieren\KGV\KGV.neu\KGV.Maui\Pages\MemberDetailPage.cs(463,32): warning CS0618: "Page.DisplayActionSheet(string, string, string, params string[])" ist veraltet: "Use DisplayActionSheetAsync instead" [C:\Programmieren\KGV\KGV.neu\KGV.Maui\KGV.Maui.csproj::TargetFramework=net10.0-android]
C:\Programmieren\KGV\KGV.neu\KGV.Maui\Pages\MemberDetailPage.cs(478,31): warning CS0618: "Page.DisplayAlert(string, string, string, string)" ist veraltet: "Use DisplayAlertAsync instead" [C:\Programmieren\KGV\KGV.neu\KGV.Maui\KGV.Maui.csproj::TargetFramework=net10.0-android]
C:\Programmieren\KGV\KGV.neu\KGV.Maui\Pages\MemberDetailPage.cs(485,19): warning CS0618: "Page.DisplayAlert(string, string, string)" ist veraltet: "Use DisplayAlertAsync instead" [C:\Programmieren\KGV\KGV.neu\KGV.Maui\KGV.Maui.csproj::TargetFramework=net10.0-android]
C:\Programmieren\KGV\KGV.neu\KGV.Maui\Pages\MemberDetailPage.cs(494,23): warning CS0618: "Page.DisplayAlert(string, string, string)" ist veraltet: "Use DisplayAlertAsync instead" [C:\Programmieren\KGV\KGV.neu\KGV.Maui\KGV.Maui.csproj::TargetFramework=net10.0-android]
C:\Programmieren\KGV\KGV.neu\KGV.Maui\Pages\MemberDetailPage.cs(501,19): warning CS0618: "Page.DisplayAlert(string, string, string)" ist veraltet: "Use DisplayAlertAsync instead" [C:\Programmieren\KGV\KGV.neu\KGV.Maui\KGV.Maui.csproj::TargetFramework=net10.0-android]
C:\Programmieren\KGV\KGV.neu\KGV.Maui\Pages\MemberDetailPage.cs(518,19): warning CS0618: "Page.DisplayAlert(string, string, string)" ist veraltet: "Use DisplayAlertAsync instead" [C:\Programmieren\KGV\KGV.neu\KGV.Maui\KGV.Maui.csproj::TargetFramework=net10.0-android]
C:\Programmieren\KGV\KGV.neu\KGV.Maui\Pages\MemberDetailPage.cs(525,19): warning CS0618: "Page.DisplayAlert(string, string, string)" ist veraltet: "Use DisplayAlertAsync instead" [C:\Programmieren\KGV\KGV.neu\KGV.Maui\KGV.Maui.csproj::TargetFramework=net10.0-android]
C:\Programmieren\KGV\KGV.neu\KGV.Maui\Pages\NebenmitgliedPage.cs(184,23): warning CS0618: "Page.DisplayAlert(string, string, string)" ist veraltet: "Use DisplayAlertAsync instead" [C:\Programmieren\KGV\KGV.neu\KGV.Maui\KGV.Maui.csproj::TargetFramework=net10.0-android]
C:\Programmieren\KGV\KGV.neu\KGV.Maui\Pages\NebenmitgliedPage.cs(197,23): warning CS0618: "Page.DisplayAlert(string, string, string)" ist veraltet: "Use DisplayAlertAsync instead" [C:\Programmieren\KGV\KGV.neu\KGV.Maui\KGV.Maui.csproj::TargetFramework=net10.0-android]
C:\Programmieren\KGV\KGV.neu\KGV.Maui\Pages\NebenmitgliedPage.cs(204,23): warning CS0618: "Page.DisplayAlert(string, string, string)" ist veraltet: "Use DisplayAlertAsync instead" [C:\Programmieren\KGV\KGV.neu\KGV.Maui\KGV.Maui.csproj::TargetFramework=net10.0-android]
C:\Programmieren\KGV\KGV.neu\KGV.Maui\Pages\MemberWartungsvertraegePage.cs(379,31): warning CS0618: "Page.DisplayAlert(string, string, string, string)" ist veraltet: "Use DisplayAlertAsync instead" [C:\Programmieren\KGV\KGV.neu\KGV.Maui\KGV.Maui.csproj::TargetFramework=net10.0-android]
C:\Programmieren\KGV\KGV.neu\KGV.Maui\Pages\MemberDetailPage.cs(567,27): warning CS0618: "Page.DisplayAlert(string, string, string)" ist veraltet: "Use DisplayAlertAsync instead" [C:\Programmieren\KGV\KGV.neu\KGV.Maui\KGV.Maui.csproj::TargetFramework=net10.0-android]
C:\Programmieren\KGV\KGV.neu\KGV.Maui\Pages\MemberDetailPage.cs(596,27): warning CS0618: "Page.DisplayAlert(string, string, string)" ist veraltet: "Use DisplayAlertAsync instead" [C:\Programmieren\KGV\KGV.neu\KGV.Maui\KGV.Maui.csproj::TargetFramework=net10.0-android]
C:\Programmieren\KGV\KGV.neu\KGV.Maui\Pages\MemberDetailPage.cs(603,27): warning CS0618: "Page.DisplayAlert(string, string, string)" ist veraltet: "Use DisplayAlertAsync instead" [C:\Programmieren\KGV\KGV.neu\KGV.Maui\KGV.Maui.csproj::TargetFramework=net10.0-android]
C:\Programmieren\KGV\KGV.neu\KGV.Maui\Pages\MemberDetailPage.cs(610,27): warning CS0618: "Page.DisplayAlert(string, string, string)" ist veraltet: "Use DisplayAlertAsync instead" [C:\Programmieren\KGV\KGV.neu\KGV.Maui\KGV.Maui.csproj::TargetFramework=net10.0-android]
C:\Programmieren\KGV\KGV.neu\KGV.Maui\Pages\MemberDetailPage.cs(620,19): warning CS0618: "Page.DisplayAlert(string, string, string)" ist veraltet: "Use DisplayAlertAsync instead" [C:\Programmieren\KGV\KGV.neu\KGV.Maui\KGV.Maui.csproj::TargetFramework=net10.0-android]
C:\Programmieren\KGV\KGV.neu\KGV.Maui\Pages\NebenmitgliedPage.cs(277,19): warning CS0618: "Page.DisplayAlert(string, string, string)" ist veraltet: "Use DisplayAlertAsync instead" [C:\Programmieren\KGV\KGV.neu\KGV.Maui\KGV.Maui.csproj::TargetFramework=net10.0-android]
C:\Programmieren\KGV\KGV.neu\KGV.Maui\Pages\NebenmitgliedPage.cs(294,19): warning CS0618: "Page.DisplayAlert(string, string, string)" ist veraltet: "Use DisplayAlertAsync instead" [C:\Programmieren\KGV\KGV.neu\KGV.Maui\KGV.Maui.csproj::TargetFramework=net10.0-android]
C:\Programmieren\KGV\KGV.neu\KGV.Maui\Pages\NebenmitgliedPage.cs(304,23): warning CS0618: "Page.DisplayAlert(string, string, string)" ist veraltet: "Use DisplayAlertAsync instead" [C:\Programmieren\KGV\KGV.neu\KGV.Maui\KGV.Maui.csproj::TargetFramework=net10.0-android]
C:\Programmieren\KGV\KGV.neu\KGV.Maui\Pages\NebenmitgliedPage.cs(308,19): warning CS0618: "Page.DisplayAlert(string, string, string)" ist veraltet: "Use DisplayAlertAsync instead" [C:\Programmieren\KGV\KGV.neu\KGV.Maui\KGV.Maui.csproj::TargetFramework=net10.0-android]
C:\Programmieren\KGV\KGV.neu\KGV.Maui\Pages\NebenmitgliedPage.cs(313,19): warning CS0618: "Page.DisplayAlert(string, string, string)" ist veraltet: "Use DisplayAlertAsync instead" [C:\Programmieren\KGV\KGV.neu\KGV.Maui\KGV.Maui.csproj::TargetFramework=net10.0-android]
C:\Programmieren\KGV\KGV.neu\KGV.Maui\Pages\WartungsvertragAssignMembersPage.cs(277,108): error CS1503: Argument "2": Konvertierung von "System.DateTime?" in "System.DateTime" nicht m├Âglich. [C:\Programmieren\KGV\KGV.neu\KGV.Maui\KGV.Maui.csproj::TargetFramework=net10.0-android]
C:\Programmieren\KGV\KGV.neu\KGV.Maui\Pages\MemberDetailPage.cs(636,19): warning CS0618: "Page.DisplayAlert(string, string, string)" ist veraltet: "Use DisplayAlertAsync instead" [C:\Programmieren\KGV\KGV.neu\KGV.Maui\KGV.Maui.csproj::TargetFramework=net10.0-android]
C:\Programmieren\KGV\KGV.neu\KGV.Maui\Pages\MemberDetailPage.cs(648,19): warning CS0618: "Page.DisplayAlert(string, string, string)" ist veraltet: "Use DisplayAlertAsync instead" [C:\Programmieren\KGV\KGV.neu\KGV.Maui\KGV.Maui.csproj::TargetFramework=net10.0-android]
C:\Programmieren\KGV\KGV.neu\KGV.Maui\Pages\NebenmitgliedPage.cs(349,19): warning CS0618: "Page.DisplayAlert(string, string, string)" ist veraltet: "Use DisplayAlertAsync instead" [C:\Programmieren\KGV\KGV.neu\KGV.Maui\KGV.Maui.csproj::TargetFramework=net10.0-android]
C:\Programmieren\KGV\KGV.neu\KGV.Maui\Pages\NebenmitgliedPage.cs(357,19): warning CS0618: "Page.DisplayAlert(string, string, string)" ist veraltet: "Use DisplayAlertAsync instead" [C:\Programmieren\KGV\KGV.neu\KGV.Maui\KGV.Maui.csproj::TargetFramework=net10.0-android]
C:\Programmieren\KGV\KGV.neu\KGV.Maui\Pages\NebenmitgliedPage.cs(370,19): warning CS0618: "Page.DisplayAlert(string, string, string)" ist veraltet: "Use DisplayAlertAsync instead" [C:\Programmieren\KGV\KGV.neu\KGV.Maui\KGV.Maui.csproj::TargetFramework=net10.0-android]
C:\Programmieren\KGV\KGV.neu\KGV.Maui\Pages\NebenmitgliedPage.cs(396,23): warning CS0618: "Page.DisplayAlert(string, string, string)" ist veraltet: "Use DisplayAlertAsync instead" [C:\Programmieren\KGV\KGV.neu\KGV.Maui\KGV.Maui.csproj::TargetFramework=net10.0-android]
C:\Programmieren\KGV\KGV.neu\KGV.Maui\Pages\NebenmitgliedPage.cs(403,19): warning CS0618: "Page.DisplayAlert(string, string, string)" ist veraltet: "Use DisplayAlertAsync instead" [C:\Programmieren\KGV\KGV.neu\KGV.Maui\KGV.Maui.csproj::TargetFramework=net10.0-android]
C:\Programmieren\KGV\KGV.neu\KGV.Maui\Pages\NebenmitgliedPage.cs(408,19): warning CS0618: "Page.DisplayAlert(string, string, string)" ist veraltet: "Use DisplayAlertAsync instead" [C:\Programmieren\KGV\KGV.neu\KGV.Maui\KGV.Maui.csproj::TargetFramework=net10.0-android]
C:\Programmieren\KGV\KGV.neu\KGV.Maui\Pages\MemberParzellenDetailPage.cs(532,23): warning CS0618: "Page.DisplayAlert(string, string, string)" ist veraltet: "Use DisplayAlertAsync instead" [C:\Programmieren\KGV\KGV.neu\KGV.Maui\KGV.Maui.csproj::TargetFramework=net10.0-android]
C:\Programmieren\KGV\KGV.neu\KGV.Maui\Pages\MemberParzellenDetailPage.cs(536,33): warning CS0618: "Page.DisplayAlert(string, string, string, string)" ist veraltet: "Use DisplayAlertAsync instead" [C:\Programmieren\KGV\KGV.neu\KGV.Maui\KGV.Maui.csproj::TargetFramework=net10.0-android]
C:\Programmieren\KGV\KGV.neu\KGV.Maui\Pages\MemberParzellenDetailPage.cs(543,23): warning CS0618: "Page.DisplayAlert(string, string, string)" ist veraltet: "Use DisplayAlertAsync instead" [C:\Programmieren\KGV\KGV.neu\KGV.Maui\KGV.Maui.csproj::TargetFramework=net10.0-android]
C:\Programmieren\KGV\KGV.neu\KGV.Maui\Pages\MemberParzellenDetailPage.cs(549,19): warning CS0618: "Page.DisplayAlert(string, string, string)" ist veraltet: "Use DisplayAlertAsync instead" [C:\Programmieren\KGV\KGV.neu\KGV.Maui\KGV.Maui.csproj::TargetFramework=net10.0-android]
C:\Programmieren\KGV\KGV.neu\KGV.Maui\Pages\MemberParzellenDetailPage.cs(553,19): warning CS0618: "Page.DisplayAlert(string, string, string)" ist veraltet: "Use DisplayAlertAsync instead" [C:\Programmieren\KGV\KGV.neu\KGV.Maui\KGV.Maui.csproj::TargetFramework=net10.0-android]
C:\Programmieren\KGV\KGV.neu\KGV.Maui\Pages\PachtvertragDialogPage.cs(279,38): warning CS0618: "Page.DisplayAlert(string, string, string, string)" ist veraltet: "Use DisplayAlertAsync instead" [C:\Programmieren\KGV\KGV.neu\KGV.Maui\KGV.Maui.csproj::TargetFramework=net10.0-android]
C:\Programmieren\KGV\KGV.neu\KGV.Maui\Pages\PachtvertragDialogPage.cs(329,27): warning CS0618: "Page.DisplayAlert(string, string, string)" ist veraltet: "Use DisplayAlertAsync instead" [C:\Programmieren\KGV\KGV.neu\KGV.Maui\KGV.Maui.csproj::TargetFramework=net10.0-android]
C:\Programmieren\KGV\KGV.neu\KGV.Maui\Pages\PachtvertragDialogPage.cs(344,27): warning CS0618: "Page.DisplayAlert(string, string, string)" ist veraltet: "Use DisplayAlertAsync instead" [C:\Programmieren\KGV\KGV.neu\KGV.Maui\KGV.Maui.csproj::TargetFramework=net10.0-android]
C:\Programmieren\KGV\KGV.neu\KGV.Maui\Pages\PachtvertragDialogPage.cs(366,31): warning CS0618: "Page.DisplayAlert(string, string, string)" ist veraltet: "Use DisplayAlertAsync instead" [C:\Programmieren\KGV\KGV.neu\KGV.Maui\KGV.Maui.csproj::TargetFramework=net10.0-android]
C:\Programmieren\KGV\KGV.neu\KGV.Maui\Pages\PachtvertragDialogPage.cs(284,17): warning CS0219: Die Variable "ok" ist zugewiesen, ihr Wert wird aber nie verwendet. [C:\Programmieren\KGV\KGV.neu\KGV.Maui\KGV.Maui.csproj::TargetFramework=net10.0-android]
C:\Programmieren\KGV\KGV.neu\KGV.Maui\Pages\PachtvertragDialogPage.cs(392,37): warning CS0618: "Page.DisplayAlert(string, string, string, string)" ist veraltet: "Use DisplayAlertAsync instead" [C:\Programmieren\KGV\KGV.neu\KGV.Maui\KGV.Maui.csproj::TargetFramework=net10.0-android]
C:\Programmieren\KGV\KGV.neu\KGV.Maui\Pages\MemberDetailPage.cs(694,19): warning CS0618: "Page.DisplayAlert(string, string, string)" ist veraltet: "Use DisplayAlertAsync instead" [C:\Programmieren\KGV\KGV.neu\KGV.Maui\KGV.Maui.csproj::TargetFramework=net10.0-android]
C:\Programmieren\KGV\KGV.neu\KGV.Maui\Pages\MemberDetailPage.cs(702,19): warning CS0618: "Page.DisplayAlert(string, string, string)" ist veraltet: "Use DisplayAlertAsync instead" [C:\Programmieren\KGV\KGV.neu\KGV.Maui\KGV.Maui.csproj::TargetFramework=net10.0-android]
C:\Programmieren\KGV\KGV.neu\KGV.Maui\Pages\MemberDetailPage.cs(709,19): warning CS0618: "Page.DisplayAlert(string, string, string)" ist veraltet: "Use DisplayAlertAsync instead" [C:\Programmieren\KGV\KGV.neu\KGV.Maui\KGV.Maui.csproj::TargetFramework=net10.0-android]
C:\Programmieren\KGV\KGV.neu\KGV.Maui\Pages\MemberDetailPage.cs(718,19): warning CS0618: "Page.DisplayAlert(string, string, string)" ist veraltet: "Use DisplayAlertAsync instead" [C:\Programmieren\KGV\KGV.neu\KGV.Maui\KGV.Maui.csproj::TargetFramework=net10.0-android]
C:\Programmieren\KGV\KGV.neu\KGV.Maui\Pages\MemberDetailPage.cs(760,51): warning CS0618: "Page.DisplayAlert(string, string, string, string)" ist veraltet: "Use DisplayAlertAsync instead" [C:\Programmieren\KGV\KGV.neu\KGV.Maui\KGV.Maui.csproj::TargetFramework=net10.0-android]
C:\Programmieren\KGV\KGV.neu\KGV.Maui\Pages\MemberDetailPage.cs(769,49): warning CS0618: "Page.DisplayAlert(string, string, string, string)" ist veraltet: "Use DisplayAlertAsync instead" [C:\Programmieren\KGV\KGV.neu\KGV.Maui\KGV.Maui.csproj::TargetFramework=net10.0-android]
C:\Programmieren\KGV\KGV.neu\KGV.Maui\Pages\MemberDetailPage.cs(801,19): warning CS0618: "Page.DisplayAlert(string, string, string)" ist veraltet: "Use DisplayAlertAsync instead" [C:\Programmieren\KGV\KGV.neu\KGV.Maui\KGV.Maui.csproj::TargetFramework=net10.0-android]
C:\Programmieren\KGV\KGV.neu\KGV.Maui\Pages\MemberDetailPage.cs(812,23): warning CS0618: "Page.DisplayAlert(string, string, string)" ist veraltet: "Use DisplayAlertAsync instead" [C:\Programmieren\KGV\KGV.neu\KGV.Maui\KGV.Maui.csproj::TargetFramework=net10.0-android]
C:\Programmieren\KGV\KGV.neu\KGV.Maui\Pages\MemberDetailPage.cs(819,23): warning CS0618: "Page.DisplayAlert(string, string, string)" ist veraltet: "Use DisplayAlertAsync instead" [C:\Programmieren\KGV\KGV.neu\KGV.Maui\KGV.Maui.csproj::TargetFramework=net10.0-android]
C:\Programmieren\KGV\KGV.neu\KGV.Maui\Pages\MemberDetailPage.cs(849,23): warning CS0618: "Page.DisplayAlert(string, string, string)" ist veraltet: "Use DisplayAlertAsync instead" [C:\Programmieren\KGV\KGV.neu\KGV.Maui\KGV.Maui.csproj::TargetFramework=net10.0-android]
C:\Programmieren\KGV\KGV.neu\KGV.Maui\Pages\MemberDetailPage.cs(855,19): warning CS0618: "Page.DisplayAlert(string, string, string)" ist veraltet: "Use DisplayAlertAsync instead" [C:\Programmieren\KGV\KGV.neu\KGV.Maui\KGV.Maui.csproj::TargetFramework=net10.0-android]
C:\Programmieren\KGV\KGV.neu\KGV.Maui\Pages\MemberDetailPage.cs(860,19): warning CS0618: "Page.DisplayAlert(string, string, string)" ist veraltet: "Use DisplayAlertAsync instead" [C:\Programmieren\KGV\KGV.neu\KGV.Maui\KGV.Maui.csproj::TargetFramework=net10.0-android]
C:\Programmieren\KGV\KGV.neu\KGV.Maui\Pages\ParzellenAblesungenPage.cs(47,81): warning CS0618: "Page.IsBusy" ist veraltet: "Page.IsBusy has been deprecated and will be removed in .NET 11" [C:\Programmieren\KGV\KGV.neu\KGV.Maui\KGV.Maui.csproj::TargetFramework=net10.0-android]
C:\Programmieren\KGV\KGV.neu\KGV.Maui\Pages\ParzellenAblesungenPage.cs(48,63): warning CS0618: "Page.IsBusy" ist veraltet: "Page.IsBusy has been deprecated and will be removed in .NET 11" [C:\Programmieren\KGV\KGV.neu\KGV.Maui\KGV.Maui.csproj::TargetFramework=net10.0-android]
C:\Programmieren\KGV\KGV.neu\KGV.Maui\Pages\ExportPage.cs(441,60): warning CS8600: Das NULL-Literal oder ein m├Âglicher NULL-Wert wird in einen Non-Nullable-Typ konvertiert. [C:\Programmieren\KGV\KGV.neu\KGV.Maui\KGV.Maui.csproj::TargetFramework=net10.0-android]
C:\Programmieren\KGV\KGV.neu\KGV.Maui\Pages\ExportPage.cs(442,60): warning CS8600: Das NULL-Literal oder ein m├Âglicher NULL-Wert wird in einen Non-Nullable-Typ konvertiert. [C:\Programmieren\KGV\KGV.neu\KGV.Maui\KGV.Maui.csproj::TargetFramework=net10.0-android]
C:\Programmieren\KGV\KGV.neu\KGV.Maui\Pages\MyProfilePage.cs(372,19): warning CS0618: "Page.DisplayAlert(string, string, string)" ist veraltet: "Use DisplayAlertAsync instead" [C:\Programmieren\KGV\KGV.neu\KGV.Maui\KGV.Maui.csproj::TargetFramework=net10.0-android]
C:\Programmieren\KGV\KGV.neu\KGV.Maui\Pages\MyProfilePage.cs(385,19): warning CS0618: "Page.DisplayAlert(string, string, string)" ist veraltet: "Use DisplayAlertAsync instead" [C:\Programmieren\KGV\KGV.neu\KGV.Maui\KGV.Maui.csproj::TargetFramework=net10.0-android]
C:\Programmieren\KGV\KGV.neu\KGV.Maui\Pages\MyProfilePage.cs(395,23): warning CS0618: "Page.DisplayAlert(string, string, string)" ist veraltet: "Use DisplayAlertAsync instead" [C:\Programmieren\KGV\KGV.neu\KGV.Maui\KGV.Maui.csproj::TargetFramework=net10.0-android]
C:\Programmieren\KGV\KGV.neu\KGV.Maui\Pages\MyProfilePage.cs(399,19): warning CS0618: "Page.DisplayAlert(string, string, string)" ist veraltet: "Use DisplayAlertAsync instead" [C:\Programmieren\KGV\KGV.neu\KGV.Maui\KGV.Maui.csproj::TargetFramework=net10.0-android]
C:\Programmieren\KGV\KGV.neu\KGV.Maui\Pages\MyProfilePage.cs(404,19): warning CS0618: "Page.DisplayAlert(string, string, string)" ist veraltet: "Use DisplayAlertAsync instead" [C:\Programmieren\KGV\KGV.neu\KGV.Maui\KGV.Maui.csproj::TargetFramework=net10.0-android]
C:\Programmieren\KGV\KGV.neu\KGV.Maui\Pages\MyProfilePage.cs(421,19): warning CS0618: "Page.DisplayAlert(string, string, string)" ist veraltet: "Use DisplayAlertAsync instead" [C:\Programmieren\KGV\KGV.neu\KGV.Maui\KGV.Maui.csproj::TargetFramework=net10.0-android]
C:\Programmieren\KGV\KGV.neu\KGV.Maui\Pages\MyProfilePage.cs(426,15): warning CS0618: "Page.DisplayAlert(string, string, string)" ist veraltet: "Use DisplayAlertAsync instead" [C:\Programmieren\KGV\KGV.neu\KGV.Maui\KGV.Maui.csproj::TargetFramework=net10.0-android]
C:\Programmieren\KGV\KGV.neu\KGV.Maui\Pages\RfidEinrichtenPage.cs(233,39): warning CS0618: "Page.DisplayAlert(string, string, string, string)" ist veraltet: "Use DisplayAlertAsync instead" [C:\Programmieren\KGV\KGV.neu\KGV.Maui\KGV.Maui.csproj::TargetFramework=net10.0-android]
C:\Programmieren\KGV\KGV.neu\KGV.Maui\Pages\RfidEinrichtenPage.cs(245,19): warning CS0618: "Page.DisplayAlert(string, string, string)" ist veraltet: "Use DisplayAlertAsync instead" [C:\Programmieren\KGV\KGV.neu\KGV.Maui\KGV.Maui.csproj::TargetFramework=net10.0-android]
C:\Programmieren\KGV\KGV.neu\KGV.Maui\Pages\VertragsSignaturPage.cs(44,31): warning CS0618: "LayoutOptions.FillAndExpand" ist veraltet: "The StackLayout expansion options are deprecated; please use a Grid instead." [C:\Programmieren\KGV\KGV.neu\KGV.Maui\KGV.Maui.csproj::TargetFramework=net10.0-android]
C:\Programmieren\KGV\KGV.neu\KGV.Maui\Pages\VertragsSignaturPage.cs(148,38): warning CS8604: M├Âgliches Nullverweisargument f├╝r den Parameter "e" in "Point? VertragsSignaturPage.TryGetTouchPoint(TouchEventArgs e)". [C:\Programmieren\KGV\KGV.neu\KGV.Maui\KGV.Maui.csproj::TargetFramework=net10.0-android]
C:\Programmieren\KGV\KGV.neu\KGV.Maui\Pages\PachtvertragFlowHelper.cs(75,60): warning CS8604: M├Âgliches Nullverweisargument f├╝r den Parameter "bytes" in "void File.WriteAllBytes(string path, byte[] bytes)". [C:\Programmieren\KGV\KGV.neu\KGV.Maui\KGV.Maui.csproj::TargetFramework=net10.0-android]
C:\Programmieren\KGV\KGV.neu\KGV.Maui\Pages\PachtvertragFlowHelper.cs(101,95): warning CS8604: M├Âgliches Nullverweisargument f├╝r den Parameter "signatureCapture" in "Task<DokumentUploadResult> ISupabaseService.CreateSignedPachtvertragDokumentAsync(PachtvertragDokumentRequest request, DigitalSignatureCapture signatureCapture, DigitalSignatureCapture? gesetzlicherVertreterSignatureCapture = null)". [C:\Programmieren\KGV\KGV.neu\KGV.Maui\KGV.Maui.csproj::TargetFramework=net10.0-android]
C:\Programmieren\KGV\KGV.neu\KGV.Maui\Pages\UserManagementPage.cs(93,23): warning CS0618: "Page.DisplayAlert(string, string, string)" ist veraltet: "Use DisplayAlertAsync instead" [C:\Programmieren\KGV\KGV.neu\KGV.Maui\KGV.Maui.csproj::TargetFramework=net10.0-android]
C:\Programmieren\KGV\KGV.neu\KGV.Maui\Pages\UserManagementPage.cs(111,23): warning CS0618: "Page.DisplayAlert(string, string, string)" ist veraltet: "Use DisplayAlertAsync instead" [C:\Programmieren\KGV\KGV.neu\KGV.Maui\KGV.Maui.csproj::TargetFramework=net10.0-android]
C:\Programmieren\KGV\KGV.neu\KGV.Maui\Pages\UserManagementPage.cs(120,23): warning CS0618: "Page.DisplayAlert(string, string, string)" ist veraltet: "Use DisplayAlertAsync instead" [C:\Programmieren\KGV\KGV.neu\KGV.Maui\KGV.Maui.csproj::TargetFramework=net10.0-android]
C:\Programmieren\KGV\KGV.neu\KGV.Maui\Pages\UserManagementPage.cs(128,35): warning CS0618: "Page.DisplayAlert(string, string, string, string)" ist veraltet: "Use DisplayAlertAsync instead" [C:\Programmieren\KGV\KGV.neu\KGV.Maui\KGV.Maui.csproj::TargetFramework=net10.0-android]
C:\Programmieren\KGV\KGV.neu\KGV.Maui\Pages\UserManagementPage.cs(134,23): warning CS0618: "Page.DisplayAlert(string, string, string)" ist veraltet: "Use DisplayAlertAsync instead" [C:\Programmieren\KGV\KGV.neu\KGV.Maui\KGV.Maui.csproj::TargetFramework=net10.0-android]
C:\Programmieren\KGV\KGV.neu\KGV.Maui\Pages\UserManagementPage.cs(157,23): warning CS0618: "Page.DisplayAlert(string, string, string)" ist veraltet: "Use DisplayAlertAsync instead" [C:\Programmieren\KGV\KGV.neu\KGV.Maui\KGV.Maui.csproj::TargetFramework=net10.0-android]
C:\Programmieren\KGV\KGV.neu\KGV.Maui\UserShell.cs(79,45): warning CS0618: "Page.DisplayAlert(string, string, string, string)" ist veraltet: "Use DisplayAlertAsync instead" [C:\Programmieren\KGV\KGV.neu\KGV.Maui\KGV.Maui.csproj::TargetFramework=net10.0-android]
C:\Programmieren\KGV\KGV.neu\KGV.Maui\Pages\TermineEditorPage.cs(357,31): warning CS0618: "Page.DisplayAlert(string, string, string, string)" ist veraltet: "Use DisplayAlertAsync instead" [C:\Programmieren\KGV\KGV.neu\KGV.Maui\KGV.Maui.csproj::TargetFramework=net10.0-android]
C:\Programmieren\KGV\KGV.neu\KGV.Maui\Pages\TermineEditorPage.cs(378,19): warning CS0618: "Page.DisplayAlert(string, string, string)" ist veraltet: "Use DisplayAlertAsync instead" [C:\Programmieren\KGV\KGV.neu\KGV.Maui\KGV.Maui.csproj::TargetFramework=net10.0-android]
C:\Programmieren\KGV\KGV.neu\KGV.Maui\Pages\VertragsSignaturPage.cs(159,38): warning CS8604: M├Âgliches Nullverweisargument f├╝r den Parameter "e" in "Point? VertragsSignaturPage.TryGetTouchPoint(TouchEventArgs e)". [C:\Programmieren\KGV\KGV.neu\KGV.Maui\KGV.Maui.csproj::TargetFramework=net10.0-android]
C:\Programmieren\KGV\KGV.neu\KGV.Maui\Pages\VertragsSignaturPage.cs(170,38): warning CS8604: M├Âgliches Nullverweisargument f├╝r den Parameter "e" in "Point? VertragsSignaturPage.TryGetTouchPoint(TouchEventArgs e)". [C:\Programmieren\KGV\KGV.neu\KGV.Maui\KGV.Maui.csproj::TargetFramework=net10.0-android]
C:\Programmieren\KGV\KGV.neu\KGV.Maui\Pages\VertragsSignaturPage.cs(193,19): warning CS0618: "Page.DisplayAlert(string, string, string)" ist veraltet: "Use DisplayAlertAsync instead" [C:\Programmieren\KGV\KGV.neu\KGV.Maui\KGV.Maui.csproj::TargetFramework=net10.0-android]
C:\Programmieren\KGV\KGV.neu\KGV.Maui\Pages\VertragsSignaturPage.cs(203,19): warning CS0618: "Page.DisplayAlert(string, string, string)" ist veraltet: "Use DisplayAlertAsync instead" [C:\Programmieren\KGV\KGV.neu\KGV.Maui\KGV.Maui.csproj::TargetFramework=net10.0-android]
C:\Programmieren\KGV\KGV.neu\KGV.Maui\Pages\ParzellenPage.cs(341,33): warning CS0618: "Page.DisplayAlert(string, string, string, string)" ist veraltet: "Use DisplayAlertAsync instead" [C:\Programmieren\KGV\KGV.neu\KGV.Maui\KGV.Maui.csproj::TargetFramework=net10.0-android]
C:\Programmieren\KGV\KGV.neu\KGV.Maui\Pages\ParzellenPage.cs(353,19): warning CS0618: "Page.DisplayAlert(string, string, string)" ist veraltet: "Use DisplayAlertAsync instead" [C:\Programmieren\KGV\KGV.neu\KGV.Maui\KGV.Maui.csproj::TargetFramework=net10.0-android]
C:\Programmieren\KGV\KGV.neu\KGV.Maui\Pages\ParzellenPage.cs(367,19): warning CS0618: "Page.DisplayAlert(string, string, string)" ist veraltet: "Use DisplayAlertAsync instead" [C:\Programmieren\KGV\KGV.neu\KGV.Maui\KGV.Maui.csproj::TargetFramework=net10.0-android]
C:\Programmieren\KGV\KGV.neu\KGV.Maui\Pages\MeineDatenPage.xaml.cs(602,19): warning CS0618: "Page.DisplayAlert(string, string, string)" ist veraltet: "Use DisplayAlertAsync instead" [C:\Programmieren\KGV\KGV.neu\KGV.Maui\KGV.Maui.csproj::TargetFramework=net10.0-android]
C:\Programmieren\KGV\KGV.neu\KGV.Maui\Pages\MeineDatenPage.xaml.cs(608,19): warning CS0618: "Page.DisplayAlert(string, string, string)" ist veraltet: "Use DisplayAlertAsync instead" [C:\Programmieren\KGV\KGV.neu\KGV.Maui\KGV.Maui.csproj::TargetFramework=net10.0-android]
C:\Programmieren\KGV\KGV.neu\KGV.Maui\Pages\MeineDatenPage.xaml.cs(615,19): warning CS0618: "Page.DisplayAlert(string, string, string)" ist veraltet: "Use DisplayAlertAsync instead" [C:\Programmieren\KGV\KGV.neu\KGV.Maui\KGV.Maui.csproj::TargetFramework=net10.0-android]
C:\Programmieren\KGV\KGV.neu\KGV.Maui\Pages\MeineDatenPage.xaml.cs(623,19): warning CS0618: "Page.DisplayAlert(string, string, string)" ist veraltet: "Use DisplayAlertAsync instead" [C:\Programmieren\KGV\KGV.neu\KGV.Maui\KGV.Maui.csproj::TargetFramework=net10.0-android]
C:\Programmieren\KGV\KGV.neu\KGV.Maui\Pages\MeineDatenPage.xaml.cs(631,19): warning CS0618: "Page.DisplayAlert(string, string, string)" ist veraltet: "Use DisplayAlertAsync instead" [C:\Programmieren\KGV\KGV.neu\KGV.Maui\KGV.Maui.csproj::TargetFramework=net10.0-android]
C:\Programmieren\KGV\KGV.neu\KGV.Maui\Pages\MeineDatenPage.xaml.cs(644,23): warning CS0618: "Page.DisplayAlert(string, string, string)" ist veraltet: "Use DisplayAlertAsync instead" [C:\Programmieren\KGV\KGV.neu\KGV.Maui\KGV.Maui.csproj::TargetFramework=net10.0-android]
C:\Programmieren\KGV\KGV.neu\KGV.Maui\Pages\MeineDatenPage.xaml.cs(651,23): warning CS0618: "Page.DisplayAlert(string, string, string)" ist veraltet: "Use DisplayAlertAsync instead" [C:\Programmieren\KGV\KGV.neu\KGV.Maui\KGV.Maui.csproj::TargetFramework=net10.0-android]
C:\Programmieren\KGV\KGV.neu\KGV.Maui\Pages\MeineDatenPage.xaml.cs(682,31): warning CS0618: "Page.DisplayAlert(string, string, string)" ist veraltet: "Use DisplayAlertAsync instead" [C:\Programmieren\KGV\KGV.neu\KGV.Maui\KGV.Maui.csproj::TargetFramework=net10.0-android]
C:\Programmieren\KGV\KGV.neu\KGV.Maui\Pages\MeineDatenPage.xaml.cs(689,31): warning CS0618: "Page.DisplayAlert(string, string, string)" ist veraltet: "Use DisplayAlertAsync instead" [C:\Programmieren\KGV\KGV.neu\KGV.Maui\KGV.Maui.csproj::TargetFramework=net10.0-android]
C:\Programmieren\KGV\KGV.neu\KGV.Maui\Pages\MeineDatenPage.xaml.cs(711,23): warning CS0618: "Page.DisplayAlert(string, string, string)" ist veraltet: "Use DisplayAlertAsync instead" [C:\Programmieren\KGV\KGV.neu\KGV.Maui\KGV.Maui.csproj::TargetFramework=net10.0-android]
C:\Programmieren\KGV\KGV.neu\KGV.Maui\Pages\MeineDatenPage.xaml.cs(721,19): warning CS0618: "Page.DisplayAlert(string, string, string)" ist veraltet: "Use DisplayAlertAsync instead" [C:\Programmieren\KGV\KGV.neu\KGV.Maui\KGV.Maui.csproj::TargetFramework=net10.0-android]
C:\Programmieren\KGV\KGV.neu\KGV.Maui\Pages\MeineDatenPage.xaml.cs(845,19): warning CS0618: "Page.DisplayAlert(string, string, string)" ist veraltet: "Use DisplayAlertAsync instead" [C:\Programmieren\KGV\KGV.neu\KGV.Maui\KGV.Maui.csproj::TargetFramework=net10.0-android]
C:\Programmieren\KGV\KGV.neu\KGV.Maui\Pages\MeineDatenPage.xaml.cs(852,19): warning CS0618: "Page.DisplayAlert(string, string, string)" ist veraltet: "Use DisplayAlertAsync instead" [C:\Programmieren\KGV\KGV.neu\KGV.Maui\KGV.Maui.csproj::TargetFramework=net10.0-android]
C:\Programmieren\KGV\KGV.neu\KGV.Maui\Pages\MeineDatenPage.xaml.cs(861,23): warning CS0618: "Page.DisplayAlert(string, string, string)" ist veraltet: "Use DisplayAlertAsync instead" [C:\Programmieren\KGV\KGV.neu\KGV.Maui\KGV.Maui.csproj::TargetFramework=net10.0-android]
C:\Programmieren\KGV\KGV.neu\KGV.Maui\Pages\MeineDatenPage.xaml.cs(868,19): warning CS0618: "Page.DisplayAlert(string, string, string)" ist veraltet: "Use DisplayAlertAsync instead" [C:\Programmieren\KGV\KGV.neu\KGV.Maui\KGV.Maui.csproj::TargetFramework=net10.0-android]
C:\Programmieren\KGV\KGV.neu\KGV.Maui\Pages\MeineDatenPage.xaml.cs(873,19): warning CS0618: "Page.DisplayAlert(string, string, string)" ist veraltet: "Use DisplayAlertAsync instead" [C:\Programmieren\KGV\KGV.neu\KGV.Maui\KGV.Maui.csproj::TargetFramework=net10.0-android]
C:\Programmieren\KGV\KGV.neu\KGV.Maui\ViewModels\ExportViewModel.cs(337,27): warning CS8602: Dereferenzierung eines m├Âglichen Nullverweises. [C:\Programmieren\KGV\KGV.neu\KGV.Maui\KGV.Maui.csproj::TargetFramework=net10.0-android]
C:\Programmieren\KGV\KGV.neu\KGV.Maui\ViewModels\ExportViewModel.cs(693,42): warning CS8620: Das Argument vom Typ "(AppExportColumnDefinitionRecord col, string? canonical)" kann aufgrund von Unterschieden in der NULL-Zul├ñssigkeit von Verweistypen nicht f├╝r den Parameter "item" vom Typ "(AppExportColumnDefinitionRecord Column, string CanonicalKey)" in "void List<(AppExportColumnDefinitionRecord Column, string CanonicalKey)>.Add((AppExportColumnDefinitionRecord Column, string CanonicalKey) item)" verwendet werden. [C:\Programmieren\KGV\KGV.neu\KGV.Maui\KGV.Maui.csproj::TargetFramework=net10.0-android]

Fehler beim Buildvorgang.

C:\Program Files\dotnet\packs\Microsoft.Maui.Sdk\10.0.20\Sdk\BundledVersions.targets(75,5): warning MA002: Starting with .NET 8, setting  <UseMaui>true</UseMaui>  does not automatically include NuGet package references in your project.  Update your project by including this item:  <PackageReference Include="Microsoft.Maui.Controls" Version="10.0.20" />.  You can skip this warning by setting  <SkipValidateMauiImplicitPackageReferences>true</SkipValidateMauiImplicitPackageReferences>  in your project file. [C:\Programmieren\KGV\KGV.neu\KGV.Maui\KGV.Maui.csproj::TargetFramework=net10.0-android]
C:\Programmieren\KGV\KGV.neu\KGV.Maui\KGV.Maui.csproj : warning NU1603: KGV.Core h├ñngt von DocumentFormat.OpenXml (>= 2.21.0) ab, aber DocumentFormat.OpenXml 2.21.0 wurde nicht gefunden. DocumentFormat.OpenXml 3.0.0 wurde stattdessen aufgel├Âst. [TargetFramework=net10.0-android]
C:\Programmieren\KGV\KGV.neu\KGV.Maui\KGV.Maui.csproj : warning NU1903: Das Paket "SixLabors.ImageSharp" 1.0.4 weist eine bekannte hoch Schweregrad-Sicherheitsanf├ñlligkeit auf, https://github.com/advisories/GHSA-2cmq-823j-5qj8. [TargetFramework=net10.0-android]
C:\Programmieren\KGV\KGV.neu\KGV.Maui\KGV.Maui.csproj : warning NU1902: Das Paket "SixLabors.ImageSharp" 1.0.4 weist eine bekannte Moderat Schweregrad-Sicherheitsanf├ñlligkeit auf, https://github.com/advisories/GHSA-5x7m-6737-26cr. [TargetFramework=net10.0-android]
C:\Programmieren\KGV\KGV.neu\KGV.Maui\KGV.Maui.csproj : warning NU1903: Das Paket "SixLabors.ImageSharp" 1.0.4 weist eine bekannte hoch Schweregrad-Sicherheitsanf├ñlligkeit auf, https://github.com/advisories/GHSA-63p8-c4ww-9cg7. [TargetFramework=net10.0-android]
C:\Programmieren\KGV\KGV.neu\KGV.Maui\KGV.Maui.csproj : warning NU1903: Das Paket "SixLabors.ImageSharp" 1.0.4 weist eine bekannte hoch Schweregrad-Sicherheitsanf├ñlligkeit auf, https://github.com/advisories/GHSA-65x7-c272-7g7r. [TargetFramework=net10.0-android]
C:\Programmieren\KGV\KGV.neu\KGV.Maui\KGV.Maui.csproj : warning NU1902: Das Paket "SixLabors.ImageSharp" 1.0.4 weist eine bekannte Moderat Schweregrad-Sicherheitsanf├ñlligkeit auf, https://github.com/advisories/GHSA-g85r-6x2q-45w7. [TargetFramework=net10.0-android]
C:\Programmieren\KGV\KGV.neu\KGV.Maui\KGV.Maui.csproj : warning NU1902: Das Paket "SixLabors.ImageSharp" 1.0.4 weist eine bekannte Moderat Schweregrad-Sicherheitsanf├ñlligkeit auf, https://github.com/advisories/GHSA-qxrv-gp6x-rc23. [TargetFramework=net10.0-android]
C:\Programmieren\KGV\KGV.neu\KGV.Maui\KGV.Maui.csproj : warning NU1902: Das Paket "SixLabors.ImageSharp" 1.0.4 weist eine bekannte Moderat Schweregrad-Sicherheitsanf├ñlligkeit auf, https://github.com/advisories/GHSA-rxmq-m78w-7wmc. [TargetFramework=net10.0-android]
C:\Programmieren\KGV\KGV.neu\KGV.Maui\KGV.Maui.csproj : warning NU1903: Das Paket "System.IO.Packaging" 8.0.0 weist eine bekannte hoch Schweregrad-Sicherheitsanf├ñlligkeit auf, https://github.com/advisories/GHSA-f32c-w444-8ppv. [TargetFramework=net10.0-android]
C:\Programmieren\KGV\KGV.neu\KGV.Maui\KGV.Maui.csproj : warning NU1903: Das Paket "System.IO.Packaging" 8.0.0 weist eine bekannte hoch Schweregrad-Sicherheitsanf├ñlligkeit auf, https://github.com/advisories/GHSA-qj66-m88j-hmgj. [TargetFramework=net10.0-android]
C:\Programmieren\KGV\KGV.neu\KGV.Infrastructure\KGV.Infrastructure.csproj : warning NU1603: KGV.Core h├ñngt von DocumentFormat.OpenXml (>= 2.21.0) ab, aber DocumentFormat.OpenXml 2.21.0 wurde nicht gefunden. DocumentFormat.OpenXml 3.0.0 wurde stattdessen aufgel├Âst.
C:\Programmieren\KGV\KGV.neu\KGV.Core\KGV.Core.csproj : warning NU1603: KGV.Core h├ñngt von DocumentFormat.OpenXml (>= 2.21.0) ab, aber DocumentFormat.OpenXml 2.21.0 wurde nicht gefunden. DocumentFormat.OpenXml 3.0.0 wurde stattdessen aufgel├Âst.
C:\Programmieren\KGV\KGV.neu\KGV.Maui\MainActivity.cs(45,9): warning CS0612: "MauiAppCompatActivity.OnBackPressed()" ist veraltet. [C:\Programmieren\KGV\KGV.neu\KGV.Maui\KGV.Maui.csproj::TargetFramework=net10.0-android]
C:\Programmieren\KGV\KGV.neu\KGV.Maui\AdminShell.cs(97,45): warning CS0618: "Page.DisplayAlert(string, string, string, string)" ist veraltet: "Use DisplayAlertAsync instead" [C:\Programmieren\KGV\KGV.neu\KGV.Maui\KGV.Maui.csproj::TargetFramework=net10.0-android]
C:\Programmieren\KGV\KGV.neu\KGV.Maui\MainActivity.cs(107,13): warning CS0612: "MauiAppCompatActivity.OnBackPressed()" ist veraltet. [C:\Programmieren\KGV\KGV.neu\KGV.Maui\KGV.Maui.csproj::TargetFramework=net10.0-android]
C:\Programmieren\KGV\KGV.neu\KGV.Maui\Pages\ZaehlerwechselPage.cs(86,48): warning CS0618: "Page.DisplayAlert(string, string, string, string)" ist veraltet: "Use DisplayAlertAsync instead" [C:\Programmieren\KGV\KGV.neu\KGV.Maui\KGV.Maui.csproj::TargetFramework=net10.0-android]
C:\Programmieren\KGV\KGV.neu\KGV.Maui\Pages\ZaehlerwechselEinbauPage.cs(99,19): warning CS0618: "Page.DisplayAlert(string, string, string)" ist veraltet: "Use DisplayAlertAsync instead" [C:\Programmieren\KGV\KGV.neu\KGV.Maui\KGV.Maui.csproj::TargetFramework=net10.0-android]
C:\Programmieren\KGV\KGV.neu\KGV.Maui\Pages\ZaehlerwechselEinbauPage.cs(105,19): warning CS0618: "Page.DisplayAlert(string, string, string)" ist veraltet: "Use DisplayAlertAsync instead" [C:\Programmieren\KGV\KGV.neu\KGV.Maui\KGV.Maui.csproj::TargetFramework=net10.0-android]
C:\Programmieren\KGV\KGV.neu\KGV.Maui\Pages\ZaehlerwechselEinbauPage.cs(112,19): warning CS0618: "Page.DisplayAlert(string, string, string)" ist veraltet: "Use DisplayAlertAsync instead" [C:\Programmieren\KGV\KGV.neu\KGV.Maui\KGV.Maui.csproj::TargetFramework=net10.0-android]
C:\Programmieren\KGV\KGV.neu\KGV.Maui\Pages\ZaehlerwechselEinbauPage.cs(163,15): warning CS0618: "Page.DisplayAlert(string, string, string)" ist veraltet: "Use DisplayAlertAsync instead" [C:\Programmieren\KGV\KGV.neu\KGV.Maui\KGV.Maui.csproj::TargetFramework=net10.0-android]
C:\Programmieren\KGV\KGV.neu\KGV.Maui\Pages\ZaehlerwechselEinbauPage.cs(132,35): warning CS8629: Ein Werttyp, der NULL zul├ñsst, kann NULL sein. [C:\Programmieren\KGV\KGV.neu\KGV.Maui\KGV.Maui.csproj::TargetFramework=net10.0-android]
C:\Programmieren\KGV\KGV.neu\KGV.Maui\Pages\ZaehlerwechselEinbauPage.cs(139,35): warning CS8629: Ein Werttyp, der NULL zul├ñsst, kann NULL sein. [C:\Programmieren\KGV\KGV.neu\KGV.Maui\KGV.Maui.csproj::TargetFramework=net10.0-android]
C:\Programmieren\KGV\KGV.neu\KGV.Maui\Pages\AblesungenFreigabePage.cs(353,31): warning CS0618: "Page.DisplayAlert(string, string, string, string)" ist veraltet: "Use DisplayAlertAsync instead" [C:\Programmieren\KGV\KGV.neu\KGV.Maui\KGV.Maui.csproj::TargetFramework=net10.0-android]
C:\Programmieren\KGV\KGV.neu\KGV.Maui\Pages\AblesungenFreigabePage.cs(398,31): warning CS0618: "Page.DisplayAlert(string, string, string, string)" ist veraltet: "Use DisplayAlertAsync instead" [C:\Programmieren\KGV\KGV.neu\KGV.Maui\KGV.Maui.csproj::TargetFramework=net10.0-android]
C:\Programmieren\KGV\KGV.neu\KGV.Maui\Pages\AdminMenuPage.cs(412,15): warning CS0618: "Page.DisplayAlert(string, string, string)" ist veraltet: "Use DisplayAlertAsync instead" [C:\Programmieren\KGV\KGV.neu\KGV.Maui\KGV.Maui.csproj::TargetFramework=net10.0-android]
C:\Programmieren\KGV\KGV.neu\KGV.Maui\Pages\AdminMenuPage.cs(427,19): warning CS0618: "Page.DisplayAlert(string, string, string)" ist veraltet: "Use DisplayAlertAsync instead" [C:\Programmieren\KGV\KGV.neu\KGV.Maui\KGV.Maui.csproj::TargetFramework=net10.0-android]
C:\Programmieren\KGV\KGV.neu\KGV.Maui\Pages\AdminMenuPage.cs(433,19): warning CS0618: "Page.DisplayAlert(string, string, string)" ist veraltet: "Use DisplayAlertAsync instead" [C:\Programmieren\KGV\KGV.neu\KGV.Maui\KGV.Maui.csproj::TargetFramework=net10.0-android]
C:\Programmieren\KGV\KGV.neu\KGV.Maui\Pages\AdminMenuPage.cs(439,19): warning CS0618: "Page.DisplayAlert(string, string, string)" ist veraltet: "Use DisplayAlertAsync instead" [C:\Programmieren\KGV\KGV.neu\KGV.Maui\KGV.Maui.csproj::TargetFramework=net10.0-android]
C:\Programmieren\KGV\KGV.neu\KGV.Maui\Pages\AdminMenuPage.cs(445,19): warning CS0618: "Page.DisplayAlert(string, string, string)" ist veraltet: "Use DisplayAlertAsync instead" [C:\Programmieren\KGV\KGV.neu\KGV.Maui\KGV.Maui.csproj::TargetFramework=net10.0-android]
C:\Programmieren\KGV\KGV.neu\KGV.Maui\Pages\AdminMenuPage.cs(457,19): warning CS0618: "Page.DisplayAlert(string, string, string)" ist veraltet: "Use DisplayAlertAsync instead" [C:\Programmieren\KGV\KGV.neu\KGV.Maui\KGV.Maui.csproj::TargetFramework=net10.0-android]
C:\Programmieren\KGV\KGV.neu\KGV.Maui\Pages\AdminMenuPage.cs(462,15): warning CS0618: "Page.DisplayAlert(string, string, string)" ist veraltet: "Use DisplayAlertAsync instead" [C:\Programmieren\KGV\KGV.neu\KGV.Maui\KGV.Maui.csproj::TargetFramework=net10.0-android]
C:\Programmieren\KGV\KGV.neu\KGV.Maui\Pages\AblesungErfassenPage.cs(353,25): warning CS0618: "IMediaPicker.PickPhotoAsync(MediaPickerOptions?)" ist veraltet: "Switch to PickPhotosAsync which also allows multiple selections." [C:\Programmieren\KGV\KGV.neu\KGV.Maui\KGV.Maui.csproj::TargetFramework=net10.0-android]
C:\Programmieren\KGV\KGV.neu\KGV.Maui\Pages\ZaehlerwechselAusbauPage.cs(130,25): warning CS0618: "IMediaPicker.PickPhotoAsync(MediaPickerOptions?)" ist veraltet: "Switch to PickPhotosAsync which also allows multiple selections." [C:\Programmieren\KGV\KGV.neu\KGV.Maui\KGV.Maui.csproj::TargetFramework=net10.0-android]
C:\Programmieren\KGV\KGV.neu\KGV.Maui\Pages\AdminMenuPage.cs(533,19): warning CS0618: "Page.DisplayAlert(string, string, string)" ist veraltet: "Use DisplayAlertAsync instead" [C:\Programmieren\KGV\KGV.neu\KGV.Maui\KGV.Maui.csproj::TargetFramework=net10.0-android]
C:\Programmieren\KGV\KGV.neu\KGV.Maui\Pages\AdminMenuPage.cs(539,19): warning CS0618: "Page.DisplayAlert(string, string, string)" ist veraltet: "Use DisplayAlertAsync instead" [C:\Programmieren\KGV\KGV.neu\KGV.Maui\KGV.Maui.csproj::TargetFramework=net10.0-android]
C:\Programmieren\KGV\KGV.neu\KGV.Maui\Pages\AdminMenuPage.cs(545,19): warning CS0618: "Page.DisplayAlert(string, string, string)" ist veraltet: "Use DisplayAlertAsync instead" [C:\Programmieren\KGV\KGV.neu\KGV.Maui\KGV.Maui.csproj::TargetFramework=net10.0-android]
C:\Programmieren\KGV\KGV.neu\KGV.Maui\Pages\AdminMenuPage.cs(551,19): warning CS0618: "Page.DisplayAlert(string, string, string)" ist veraltet: "Use DisplayAlertAsync instead" [C:\Programmieren\KGV\KGV.neu\KGV.Maui\KGV.Maui.csproj::TargetFramework=net10.0-android]
C:\Programmieren\KGV\KGV.neu\KGV.Maui\Pages\AdminMenuPage.cs(559,23): warning CS0618: "Page.DisplayAlert(string, string, string)" ist veraltet: "Use DisplayAlertAsync instead" [C:\Programmieren\KGV\KGV.neu\KGV.Maui\KGV.Maui.csproj::TargetFramework=net10.0-android]
C:\Programmieren\KGV\KGV.neu\KGV.Maui\Pages\AdminMenuPage.cs(566,23): warning CS0618: "Page.DisplayAlert(string, string, string)" ist veraltet: "Use DisplayAlertAsync instead" [C:\Programmieren\KGV\KGV.neu\KGV.Maui\KGV.Maui.csproj::TargetFramework=net10.0-android]
C:\Programmieren\KGV\KGV.neu\KGV.Maui\Pages\AdminMenuPage.cs(579,19): warning CS0618: "Page.DisplayAlert(string, string, string)" ist veraltet: "Use DisplayAlertAsync instead" [C:\Programmieren\KGV\KGV.neu\KGV.Maui\KGV.Maui.csproj::TargetFramework=net10.0-android]
C:\Programmieren\KGV\KGV.neu\KGV.Maui\Pages\AdminMenuPage.cs(583,19): warning CS0618: "Page.DisplayAlert(string, string, string)" ist veraltet: "Use DisplayAlertAsync instead" [C:\Programmieren\KGV\KGV.neu\KGV.Maui\KGV.Maui.csproj::TargetFramework=net10.0-android]
C:\Programmieren\KGV\KGV.neu\KGV.Maui\Pages\ArbeitsstundenReviewPage.cs(116,37): warning CS8604: M├Âgliches Nullverweisargument f├╝r den Parameter "entries" in "void ArbeitsstundenReviewState.SetEntries(IEnumerable<ArbeitsstundeDTO> entries, int? selectedEntryId = null)". [C:\Programmieren\KGV\KGV.neu\KGV.Maui\KGV.Maui.csproj::TargetFramework=net10.0-android]
C:\Programmieren\KGV\KGV.neu\KGV.Maui\Pages\ArbeitsstundenReviewPage.cs(123,35): warning CS8602: Dereferenzierung eines m├Âglichen Nullverweises. [C:\Programmieren\KGV\KGV.neu\KGV.Maui\KGV.Maui.csproj::TargetFramework=net10.0-android]
C:\Programmieren\KGV\KGV.neu\KGV.Maui\Pages\ZaehlerwechselAusbauPage.cs(170,19): warning CS0618: "Page.DisplayAlert(string, string, string)" ist veraltet: "Use DisplayAlertAsync instead" [C:\Programmieren\KGV\KGV.neu\KGV.Maui\KGV.Maui.csproj::TargetFramework=net10.0-android]
C:\Programmieren\KGV\KGV.neu\KGV.Maui\Pages\ZaehlerwechselAusbauPage.cs(176,19): warning CS0618: "Page.DisplayAlert(string, string, string)" ist veraltet: "Use DisplayAlertAsync instead" [C:\Programmieren\KGV\KGV.neu\KGV.Maui\KGV.Maui.csproj::TargetFramework=net10.0-android]
C:\Programmieren\KGV\KGV.neu\KGV.Maui\Pages\ZaehlerwechselAusbauPage.cs(182,19): warning CS0618: "Page.DisplayAlert(string, string, string)" ist veraltet: "Use DisplayAlertAsync instead" [C:\Programmieren\KGV\KGV.neu\KGV.Maui\KGV.Maui.csproj::TargetFramework=net10.0-android]
C:\Programmieren\KGV\KGV.neu\KGV.Maui\Pages\ZaehlerwechselAusbauPage.cs(247,19): warning CS0618: "Page.DisplayAlert(string, string, string)" ist veraltet: "Use DisplayAlertAsync instead" [C:\Programmieren\KGV\KGV.neu\KGV.Maui\KGV.Maui.csproj::TargetFramework=net10.0-android]
C:\Programmieren\KGV\KGV.neu\KGV.Maui\Pages\AblesungErfassenPage.cs(400,19): warning CS0618: "Page.DisplayAlert(string, string, string)" ist veraltet: "Use DisplayAlertAsync instead" [C:\Programmieren\KGV\KGV.neu\KGV.Maui\KGV.Maui.csproj::TargetFramework=net10.0-android]
C:\Programmieren\KGV\KGV.neu\KGV.Maui\Pages\AblesungErfassenPage.cs(406,19): warning CS0618: "Page.DisplayAlert(string, string, string)" ist veraltet: "Use DisplayAlertAsync instead" [C:\Programmieren\KGV\KGV.neu\KGV.Maui\KGV.Maui.csproj::TargetFramework=net10.0-android]
C:\Programmieren\KGV\KGV.neu\KGV.Maui\Pages\AblesungErfassenPage.cs(412,19): warning CS0618: "Page.DisplayAlert(string, string, string)" ist veraltet: "Use DisplayAlertAsync instead" [C:\Programmieren\KGV\KGV.neu\KGV.Maui\KGV.Maui.csproj::TargetFramework=net10.0-android]
C:\Programmieren\KGV\KGV.neu\KGV.Maui\Pages\AblesungErfassenPage.cs(419,19): warning CS0618: "Page.DisplayAlert(string, string, string)" ist veraltet: "Use DisplayAlertAsync instead" [C:\Programmieren\KGV\KGV.neu\KGV.Maui\KGV.Maui.csproj::TargetFramework=net10.0-android]
C:\Programmieren\KGV\KGV.neu\KGV.Maui\Pages\AblesungErfassenPage.cs(510,19): warning CS0618: "Page.DisplayAlert(string, string, string)" ist veraltet: "Use DisplayAlertAsync instead" [C:\Programmieren\KGV\KGV.neu\KGV.Maui\KGV.Maui.csproj::TargetFramework=net10.0-android]
C:\Programmieren\KGV\KGV.neu\KGV.Maui\Pages\HomeManagementPage.cs(94,13): warning CS8602: Dereferenzierung eines m├Âglichen Nullverweises. [C:\Programmieren\KGV\KGV.neu\KGV.Maui\KGV.Maui.csproj::TargetFramework=net10.0-android]
C:\Programmieren\KGV\KGV.neu\KGV.Maui\Pages\HomeManagementPage.cs(129,59): warning CS8602: Dereferenzierung eines m├Âglichen Nullverweises. [C:\Programmieren\KGV\KGV.neu\KGV.Maui\KGV.Maui.csproj::TargetFramework=net10.0-android]
C:\Programmieren\KGV\KGV.neu\KGV.Maui\Pages\HomeManagementPage.cs(133,57): warning CS8602: Dereferenzierung eines m├Âglichen Nullverweises. [C:\Programmieren\KGV\KGV.neu\KGV.Maui\KGV.Maui.csproj::TargetFramework=net10.0-android]
C:\Programmieren\KGV\KGV.neu\KGV.Maui\Pages\HomeManagementPage.cs(138,65): warning CS8602: Dereferenzierung eines m├Âglichen Nullverweises. [C:\Programmieren\KGV\KGV.neu\KGV.Maui\KGV.Maui.csproj::TargetFramework=net10.0-android]
C:\Programmieren\KGV\KGV.neu\KGV.Maui\Pages\DokumentePage.xaml.cs(140,41): warning CS0612: "Device" ist veraltet. [C:\Programmieren\KGV\KGV.neu\KGV.Maui\KGV.Maui.csproj::TargetFramework=net10.0-android]
C:\Programmieren\KGV\KGV.neu\KGV.Maui\Pages\DokumentePage.xaml.cs(140,41): warning CS0618: "Device.BeginInvokeOnMainThread(Action)" ist veraltet: "Use BindableObject.Dispatcher.Dispatch() instead." [C:\Programmieren\KGV\KGV.neu\KGV.Maui\KGV.Maui.csproj::TargetFramework=net10.0-android]
C:\Programmieren\KGV\KGV.neu\KGV.Maui\Pages\DokumentePage.xaml.cs(143,37): warning CS0612: "Device" ist veraltet. [C:\Programmieren\KGV\KGV.neu\KGV.Maui\KGV.Maui.csproj::TargetFramework=net10.0-android]
C:\Programmieren\KGV\KGV.neu\KGV.Maui\Pages\DokumentePage.xaml.cs(143,37): warning CS0618: "Device.BeginInvokeOnMainThread(Action)" ist veraltet: "Use BindableObject.Dispatcher.Dispatch() instead." [C:\Programmieren\KGV\KGV.neu\KGV.Maui\KGV.Maui.csproj::TargetFramework=net10.0-android]
C:\Programmieren\KGV\KGV.neu\KGV.Maui\Pages\DokumentePage.xaml.cs(147,37): warning CS0612: "Device" ist veraltet. [C:\Programmieren\KGV\KGV.neu\KGV.Maui\KGV.Maui.csproj::TargetFramework=net10.0-android]
C:\Programmieren\KGV\KGV.neu\KGV.Maui\Pages\DokumentePage.xaml.cs(147,37): warning CS0618: "Device.BeginInvokeOnMainThread(Action)" ist veraltet: "Use BindableObject.Dispatcher.Dispatch() instead." [C:\Programmieren\KGV\KGV.neu\KGV.Maui\KGV.Maui.csproj::TargetFramework=net10.0-android]
C:\Programmieren\KGV\KGV.neu\KGV.Maui\Pages\DokumentePage.xaml.cs(178,37): warning CS0612: "Device" ist veraltet. [C:\Programmieren\KGV\KGV.neu\KGV.Maui\KGV.Maui.csproj::TargetFramework=net10.0-android]
C:\Programmieren\KGV\KGV.neu\KGV.Maui\Pages\DokumentePage.xaml.cs(178,37): warning CS0618: "Device.BeginInvokeOnMainThread(Action)" ist veraltet: "Use BindableObject.Dispatcher.Dispatch() instead." [C:\Programmieren\KGV\KGV.neu\KGV.Maui\KGV.Maui.csproj::TargetFramework=net10.0-android]
C:\Programmieren\KGV\KGV.neu\KGV.Maui\Pages\DokumentePage.xaml.cs(182,33): warning CS0612: "Device" ist veraltet. [C:\Programmieren\KGV\KGV.neu\KGV.Maui\KGV.Maui.csproj::TargetFramework=net10.0-android]
C:\Programmieren\KGV\KGV.neu\KGV.Maui\Pages\DokumentePage.xaml.cs(182,33): warning CS0618: "Device.BeginInvokeOnMainThread(Action)" ist veraltet: "Use BindableObject.Dispatcher.Dispatch() instead." [C:\Programmieren\KGV\KGV.neu\KGV.Maui\KGV.Maui.csproj::TargetFramework=net10.0-android]
C:\Programmieren\KGV\KGV.neu\KGV.Maui\Pages\DokumentePage.xaml.cs(186,33): warning CS0612: "Device" ist veraltet. [C:\Programmieren\KGV\KGV.neu\KGV.Maui\KGV.Maui.csproj::TargetFramework=net10.0-android]
C:\Programmieren\KGV\KGV.neu\KGV.Maui\Pages\DokumentePage.xaml.cs(186,33): warning CS0618: "Device.BeginInvokeOnMainThread(Action)" ist veraltet: "Use BindableObject.Dispatcher.Dispatch() instead." [C:\Programmieren\KGV\KGV.neu\KGV.Maui\KGV.Maui.csproj::TargetFramework=net10.0-android]
C:\Programmieren\KGV\KGV.neu\KGV.Maui\Pages\ArbeitsstundenReviewDetailPage.cs(446,29): warning CS0618: "Page.DisplayAlert(string, string, string, string)" ist veraltet: "Use DisplayAlertAsync instead" [C:\Programmieren\KGV\KGV.neu\KGV.Maui\KGV.Maui.csproj::TargetFramework=net10.0-android]
C:\Programmieren\KGV\KGV.neu\KGV.Maui\Pages\BekanntmachungEditorPage.cs(446,31): warning CS0618: "Page.DisplayAlert(string, string, string, string)" ist veraltet: "Use DisplayAlertAsync instead" [C:\Programmieren\KGV\KGV.neu\KGV.Maui\KGV.Maui.csproj::TargetFramework=net10.0-android]
C:\Programmieren\KGV\KGV.neu\KGV.Maui\Pages\BekanntmachungEditorPage.cs(467,19): warning CS0618: "Page.DisplayAlert(string, string, string)" ist veraltet: "Use DisplayAlertAsync instead" [C:\Programmieren\KGV\KGV.neu\KGV.Maui\KGV.Maui.csproj::TargetFramework=net10.0-android]
C:\Programmieren\KGV\KGV.neu\KGV.Maui\Pages\HomeSectionDetailPage.cs(534,31): warning CS0618: "Page.DisplayAlert(string, string, string, string)" ist veraltet: "Use DisplayAlertAsync instead" [C:\Programmieren\KGV\KGV.neu\KGV.Maui\KGV.Maui.csproj::TargetFramework=net10.0-android]
C:\Programmieren\KGV\KGV.neu\KGV.Maui\Pages\DokumentePage.xaml.cs(615,31): warning CS0618: "Page.DisplayAlert(string, string, string, string)" ist veraltet: "Use DisplayAlertAsync instead" [C:\Programmieren\KGV\KGV.neu\KGV.Maui\KGV.Maui.csproj::TargetFramework=net10.0-android]
C:\Programmieren\KGV\KGV.neu\KGV.Maui\Pages\LoginPage.xaml.cs(515,15): warning CS0618: "Page.DisplayAlert(string, string, string)" ist veraltet: "Use DisplayAlertAsync instead" [C:\Programmieren\KGV\KGV.neu\KGV.Maui\KGV.Maui.csproj::TargetFramework=net10.0-android]
C:\Programmieren\KGV\KGV.neu\KGV.Maui\Pages\MemberGardenAssignPage.cs(172,19): warning CS0618: "Page.DisplayAlert(string, string, string)" ist veraltet: "Use DisplayAlertAsync instead" [C:\Programmieren\KGV\KGV.neu\KGV.Maui\KGV.Maui.csproj::TargetFramework=net10.0-android]
C:\Programmieren\KGV\KGV.neu\KGV.Maui\Pages\MemberGardenAssignPage.cs(178,19): warning CS0618: "Page.DisplayAlert(string, string, string)" ist veraltet: "Use DisplayAlertAsync instead" [C:\Programmieren\KGV\KGV.neu\KGV.Maui\KGV.Maui.csproj::TargetFramework=net10.0-android]
C:\Programmieren\KGV\KGV.neu\KGV.Maui\Pages\MemberGardenAssignPage.cs(184,19): warning CS0618: "Page.DisplayAlert(string, string, string)" ist veraltet: "Use DisplayAlertAsync instead" [C:\Programmieren\KGV\KGV.neu\KGV.Maui\KGV.Maui.csproj::TargetFramework=net10.0-android]
C:\Programmieren\KGV\KGV.neu\KGV.Maui\Pages\MemberGardenAssignPage.cs(198,23): warning CS0618: "Page.DisplayAlert(string, string, string)" ist veraltet: "Use DisplayAlertAsync instead" [C:\Programmieren\KGV\KGV.neu\KGV.Maui\KGV.Maui.csproj::TargetFramework=net10.0-android]
C:\Programmieren\KGV\KGV.neu\KGV.Maui\Pages\MemberGardenAssignPage.cs(202,40): warning CS0618: "Page.DisplayAlert(string, string, string, string)" ist veraltet: "Use DisplayAlertAsync instead" [C:\Programmieren\KGV\KGV.neu\KGV.Maui\KGV.Maui.csproj::TargetFramework=net10.0-android]
C:\Programmieren\KGV\KGV.neu\KGV.Maui\Pages\MemberGardenAssignPage.cs(213,19): warning CS0618: "Page.DisplayAlert(string, string, string)" ist veraltet: "Use DisplayAlertAsync instead" [C:\Programmieren\KGV\KGV.neu\KGV.Maui\KGV.Maui.csproj::TargetFramework=net10.0-android]
C:\Programmieren\KGV\KGV.neu\KGV.Maui\Pages\MemberGardenAssignPage.cs(218,19): warning CS0618: "Page.DisplayAlert(string, string, string)" ist veraltet: "Use DisplayAlertAsync instead" [C:\Programmieren\KGV\KGV.neu\KGV.Maui\KGV.Maui.csproj::TargetFramework=net10.0-android]
C:\Programmieren\KGV\KGV.neu\KGV.Maui\Pages\MemberGardensPage.cs(238,19): warning CS0618: "Page.DisplayAlert(string, string, string)" ist veraltet: "Use DisplayAlertAsync instead" [C:\Programmieren\KGV\KGV.neu\KGV.Maui\KGV.Maui.csproj::TargetFramework=net10.0-android]
C:\Programmieren\KGV\KGV.neu\KGV.Maui\Pages\MemberGardensPage.cs(244,19): warning CS0618: "Page.DisplayAlert(string, string, string)" ist veraltet: "Use DisplayAlertAsync instead" [C:\Programmieren\KGV\KGV.neu\KGV.Maui\KGV.Maui.csproj::TargetFramework=net10.0-android]
C:\Programmieren\KGV\KGV.neu\KGV.Maui\Pages\ExportPage.cs(91,28): warning CS0618: "Frame" ist veraltet: "Frame is obsolete as of .NET 9. Please use Border instead." [C:\Programmieren\KGV\KGV.neu\KGV.Maui\KGV.Maui.csproj::TargetFramework=net10.0-android]
C:\Programmieren\KGV\KGV.neu\KGV.Maui\Pages\MemberParzellenDetailPage.cs(362,19): warning CS0618: "Page.DisplayAlert(string, string, string)" ist veraltet: "Use DisplayAlertAsync instead" [C:\Programmieren\KGV\KGV.neu\KGV.Maui\KGV.Maui.csproj::TargetFramework=net10.0-android]
C:\Programmieren\KGV\KGV.neu\KGV.Maui\Pages\MemberParzellenDetailPage.cs(419,19): warning CS0618: "Page.DisplayAlert(string, string, string)" ist veraltet: "Use DisplayAlertAsync instead" [C:\Programmieren\KGV\KGV.neu\KGV.Maui\KGV.Maui.csproj::TargetFramework=net10.0-android]
C:\Programmieren\KGV\KGV.neu\KGV.Maui\Pages\MemberParzellenDetailPage.cs(425,19): warning CS0618: "Page.DisplayAlert(string, string, string)" ist veraltet: "Use DisplayAlertAsync instead" [C:\Programmieren\KGV\KGV.neu\KGV.Maui\KGV.Maui.csproj::TargetFramework=net10.0-android]
C:\Programmieren\KGV\KGV.neu\KGV.Maui\Pages\MemberParzellenDetailPage.cs(456,27): warning CS0618: "Page.DisplayAlert(string, string, string)" ist veraltet: "Use DisplayAlertAsync instead" [C:\Programmieren\KGV\KGV.neu\KGV.Maui\KGV.Maui.csproj::TargetFramework=net10.0-android]
C:\Programmieren\KGV\KGV.neu\KGV.Maui\Pages\MemberParzellenDetailPage.cs(463,31): warning CS0618: "Page.DisplayAlert(string, string, string)" ist veraltet: "Use DisplayAlertAsync instead" [C:\Programmieren\KGV\KGV.neu\KGV.Maui\KGV.Maui.csproj::TargetFramework=net10.0-android]
C:\Programmieren\KGV\KGV.neu\KGV.Maui\Pages\MemberParzellenDetailPage.cs(465,31): warning CS0618: "Page.DisplayAlert(string, string, string)" ist veraltet: "Use DisplayAlertAsync instead" [C:\Programmieren\KGV\KGV.neu\KGV.Maui\KGV.Maui.csproj::TargetFramework=net10.0-android]
C:\Programmieren\KGV\KGV.neu\KGV.Maui\Pages\MemberParzellenDetailPage.cs(472,19): warning CS0618: "Page.DisplayAlert(string, string, string)" ist veraltet: "Use DisplayAlertAsync instead" [C:\Programmieren\KGV\KGV.neu\KGV.Maui\KGV.Maui.csproj::TargetFramework=net10.0-android]
C:\Programmieren\KGV\KGV.neu\KGV.Maui\Pages\MitgliedsantragDialogPage.cs(285,19): warning CS0618: "Page.DisplayAlert(string, string, string)" ist veraltet: "Use DisplayAlertAsync instead" [C:\Programmieren\KGV\KGV.neu\KGV.Maui\KGV.Maui.csproj::TargetFramework=net10.0-android]
C:\Programmieren\KGV\KGV.neu\KGV.Maui\Pages\MitgliedsantragDialogPage.cs(292,19): warning CS0618: "Page.DisplayAlert(string, string, string)" ist veraltet: "Use DisplayAlertAsync instead" [C:\Programmieren\KGV\KGV.neu\KGV.Maui\KGV.Maui.csproj::TargetFramework=net10.0-android]
C:\Programmieren\KGV\KGV.neu\KGV.Maui\Pages\MitgliedsantragDialogPage.cs(312,27): warning CS0618: "Page.DisplayAlert(string, string, string)" ist veraltet: "Use DisplayAlertAsync instead" [C:\Programmieren\KGV\KGV.neu\KGV.Maui\KGV.Maui.csproj::TargetFramework=net10.0-android]
C:\Programmieren\KGV\KGV.neu\KGV.Maui\Pages\MitgliedsantragDialogPage.cs(327,27): warning CS0618: "Page.DisplayAlert(string, string, string)" ist veraltet: "Use DisplayAlertAsync instead" [C:\Programmieren\KGV\KGV.neu\KGV.Maui\KGV.Maui.csproj::TargetFramework=net10.0-android]
C:\Programmieren\KGV\KGV.neu\KGV.Maui\Pages\MitgliedsantragDialogPage.cs(349,31): warning CS0618: "Page.DisplayAlert(string, string, string)" ist veraltet: "Use DisplayAlertAsync instead" [C:\Programmieren\KGV\KGV.neu\KGV.Maui\KGV.Maui.csproj::TargetFramework=net10.0-android]
C:\Programmieren\KGV\KGV.neu\KGV.Maui\Pages\MemberDetailPage.cs(455,19): warning CS0618: "Page.DisplayAlert(string, string, string)" ist veraltet: "Use DisplayAlertAsync instead" [C:\Programmieren\KGV\KGV.neu\KGV.Maui\KGV.Maui.csproj::TargetFramework=net10.0-android]
C:\Programmieren\KGV\KGV.neu\KGV.Maui\Pages\MemberDetailPage.cs(463,32): warning CS0618: "Page.DisplayActionSheet(string, string, string, params string[])" ist veraltet: "Use DisplayActionSheetAsync instead" [C:\Programmieren\KGV\KGV.neu\KGV.Maui\KGV.Maui.csproj::TargetFramework=net10.0-android]
C:\Programmieren\KGV\KGV.neu\KGV.Maui\Pages\MemberDetailPage.cs(478,31): warning CS0618: "Page.DisplayAlert(string, string, string, string)" ist veraltet: "Use DisplayAlertAsync instead" [C:\Programmieren\KGV\KGV.neu\KGV.Maui\KGV.Maui.csproj::TargetFramework=net10.0-android]
C:\Programmieren\KGV\KGV.neu\KGV.Maui\Pages\MemberDetailPage.cs(485,19): warning CS0618: "Page.DisplayAlert(string, string, string)" ist veraltet: "Use DisplayAlertAsync instead" [C:\Programmieren\KGV\KGV.neu\KGV.Maui\KGV.Maui.csproj::TargetFramework=net10.0-android]
C:\Programmieren\KGV\KGV.neu\KGV.Maui\Pages\MemberDetailPage.cs(494,23): warning CS0618: "Page.DisplayAlert(string, string, string)" ist veraltet: "Use DisplayAlertAsync instead" [C:\Programmieren\KGV\KGV.neu\KGV.Maui\KGV.Maui.csproj::TargetFramework=net10.0-android]
C:\Programmieren\KGV\KGV.neu\KGV.Maui\Pages\MemberDetailPage.cs(501,19): warning CS0618: "Page.DisplayAlert(string, string, string)" ist veraltet: "Use DisplayAlertAsync instead" [C:\Programmieren\KGV\KGV.neu\KGV.Maui\KGV.Maui.csproj::TargetFramework=net10.0-android]
C:\Programmieren\KGV\KGV.neu\KGV.Maui\Pages\MemberDetailPage.cs(518,19): warning CS0618: "Page.DisplayAlert(string, string, string)" ist veraltet: "Use DisplayAlertAsync instead" [C:\Programmieren\KGV\KGV.neu\KGV.Maui\KGV.Maui.csproj::TargetFramework=net10.0-android]
C:\Programmieren\KGV\KGV.neu\KGV.Maui\Pages\MemberDetailPage.cs(525,19): warning CS0618: "Page.DisplayAlert(string, string, string)" ist veraltet: "Use DisplayAlertAsync instead" [C:\Programmieren\KGV\KGV.neu\KGV.Maui\KGV.Maui.csproj::TargetFramework=net10.0-android]
C:\Programmieren\KGV\KGV.neu\KGV.Maui\Pages\NebenmitgliedPage.cs(184,23): warning CS0618: "Page.DisplayAlert(string, string, string)" ist veraltet: "Use DisplayAlertAsync instead" [C:\Programmieren\KGV\KGV.neu\KGV.Maui\KGV.Maui.csproj::TargetFramework=net10.0-android]
C:\Programmieren\KGV\KGV.neu\KGV.Maui\Pages\NebenmitgliedPage.cs(197,23): warning CS0618: "Page.DisplayAlert(string, string, string)" ist veraltet: "Use DisplayAlertAsync instead" [C:\Programmieren\KGV\KGV.neu\KGV.Maui\KGV.Maui.csproj::TargetFramework=net10.0-android]
C:\Programmieren\KGV\KGV.neu\KGV.Maui\Pages\NebenmitgliedPage.cs(204,23): warning CS0618: "Page.DisplayAlert(string, string, string)" ist veraltet: "Use DisplayAlertAsync instead" [C:\Programmieren\KGV\KGV.neu\KGV.Maui\KGV.Maui.csproj::TargetFramework=net10.0-android]
C:\Programmieren\KGV\KGV.neu\KGV.Maui\Pages\MemberWartungsvertraegePage.cs(379,31): warning CS0618: "Page.DisplayAlert(string, string, string, string)" ist veraltet: "Use DisplayAlertAsync instead" [C:\Programmieren\KGV\KGV.neu\KGV.Maui\KGV.Maui.csproj::TargetFramework=net10.0-android]
C:\Programmieren\KGV\KGV.neu\KGV.Maui\Pages\MemberDetailPage.cs(567,27): warning CS0618: "Page.DisplayAlert(string, string, string)" ist veraltet: "Use DisplayAlertAsync instead" [C:\Programmieren\KGV\KGV.neu\KGV.Maui\KGV.Maui.csproj::TargetFramework=net10.0-android]
C:\Programmieren\KGV\KGV.neu\KGV.Maui\Pages\MemberDetailPage.cs(596,27): warning CS0618: "Page.DisplayAlert(string, string, string)" ist veraltet: "Use DisplayAlertAsync instead" [C:\Programmieren\KGV\KGV.neu\KGV.Maui\KGV.Maui.csproj::TargetFramework=net10.0-android]
C:\Programmieren\KGV\KGV.neu\KGV.Maui\Pages\MemberDetailPage.cs(603,27): warning CS0618: "Page.DisplayAlert(string, string, string)" ist veraltet: "Use DisplayAlertAsync instead" [C:\Programmieren\KGV\KGV.neu\KGV.Maui\KGV.Maui.csproj::TargetFramework=net10.0-android]
C:\Programmieren\KGV\KGV.neu\KGV.Maui\Pages\MemberDetailPage.cs(610,27): warning CS0618: "Page.DisplayAlert(string, string, string)" ist veraltet: "Use DisplayAlertAsync instead" [C:\Programmieren\KGV\KGV.neu\KGV.Maui\KGV.Maui.csproj::TargetFramework=net10.0-android]
C:\Programmieren\KGV\KGV.neu\KGV.Maui\Pages\MemberDetailPage.cs(620,19): warning CS0618: "Page.DisplayAlert(string, string, string)" ist veraltet: "Use DisplayAlertAsync instead" [C:\Programmieren\KGV\KGV.neu\KGV.Maui\KGV.Maui.csproj::TargetFramework=net10.0-android]
C:\Programmieren\KGV\KGV.neu\KGV.Maui\Pages\NebenmitgliedPage.cs(277,19): warning CS0618: "Page.DisplayAlert(string, string, string)" ist veraltet: "Use DisplayAlertAsync instead" [C:\Programmieren\KGV\KGV.neu\KGV.Maui\KGV.Maui.csproj::TargetFramework=net10.0-android]
C:\Programmieren\KGV\KGV.neu\KGV.Maui\Pages\NebenmitgliedPage.cs(294,19): warning CS0618: "Page.DisplayAlert(string, string, string)" ist veraltet: "Use DisplayAlertAsync instead" [C:\Programmieren\KGV\KGV.neu\KGV.Maui\KGV.Maui.csproj::TargetFramework=net10.0-android]
C:\Programmieren\KGV\KGV.neu\KGV.Maui\Pages\NebenmitgliedPage.cs(304,23): warning CS0618: "Page.DisplayAlert(string, string, string)" ist veraltet: "Use DisplayAlertAsync instead" [C:\Programmieren\KGV\KGV.neu\KGV.Maui\KGV.Maui.csproj::TargetFramework=net10.0-android]
C:\Programmieren\KGV\KGV.neu\KGV.Maui\Pages\NebenmitgliedPage.cs(308,19): warning CS0618: "Page.DisplayAlert(string, string, string)" ist veraltet: "Use DisplayAlertAsync instead" [C:\Programmieren\KGV\KGV.neu\KGV.Maui\KGV.Maui.csproj::TargetFramework=net10.0-android]
C:\Programmieren\KGV\KGV.neu\KGV.Maui\Pages\NebenmitgliedPage.cs(313,19): warning CS0618: "Page.DisplayAlert(string, string, string)" ist veraltet: "Use DisplayAlertAsync instead" [C:\Programmieren\KGV\KGV.neu\KGV.Maui\KGV.Maui.csproj::TargetFramework=net10.0-android]
C:\Programmieren\KGV\KGV.neu\KGV.Maui\Pages\MemberDetailPage.cs(636,19): warning CS0618: "Page.DisplayAlert(string, string, string)" ist veraltet: "Use DisplayAlertAsync instead" [C:\Programmieren\KGV\KGV.neu\KGV.Maui\KGV.Maui.csproj::TargetFramework=net10.0-android]
C:\Programmieren\KGV\KGV.neu\KGV.Maui\Pages\MemberDetailPage.cs(648,19): warning CS0618: "Page.DisplayAlert(string, string, string)" ist veraltet: "Use DisplayAlertAsync instead" [C:\Programmieren\KGV\KGV.neu\KGV.Maui\KGV.Maui.csproj::TargetFramework=net10.0-android]
C:\Programmieren\KGV\KGV.neu\KGV.Maui\Pages\NebenmitgliedPage.cs(349,19): warning CS0618: "Page.DisplayAlert(string, string, string)" ist veraltet: "Use DisplayAlertAsync instead" [C:\Programmieren\KGV\KGV.neu\KGV.Maui\KGV.Maui.csproj::TargetFramework=net10.0-android]
C:\Programmieren\KGV\KGV.neu\KGV.Maui\Pages\NebenmitgliedPage.cs(357,19): warning CS0618: "Page.DisplayAlert(string, string, string)" ist veraltet: "Use DisplayAlertAsync instead" [C:\Programmieren\KGV\KGV.neu\KGV.Maui\KGV.Maui.csproj::TargetFramework=net10.0-android]
C:\Programmieren\KGV\KGV.neu\KGV.Maui\Pages\NebenmitgliedPage.cs(370,19): warning CS0618: "Page.DisplayAlert(string, string, string)" ist veraltet: "Use DisplayAlertAsync instead" [C:\Programmieren\KGV\KGV.neu\KGV.Maui\KGV.Maui.csproj::TargetFramework=net10.0-android]
C:\Programmieren\KGV\KGV.neu\KGV.Maui\Pages\NebenmitgliedPage.cs(396,23): warning CS0618: "Page.DisplayAlert(string, string, string)" ist veraltet: "Use DisplayAlertAsync instead" [C:\Programmieren\KGV\KGV.neu\KGV.Maui\KGV.Maui.csproj::TargetFramework=net10.0-android]
C:\Programmieren\KGV\KGV.neu\KGV.Maui\Pages\NebenmitgliedPage.cs(403,19): warning CS0618: "Page.DisplayAlert(string, string, string)" ist veraltet: "Use DisplayAlertAsync instead" [C:\Programmieren\KGV\KGV.neu\KGV.Maui\KGV.Maui.csproj::TargetFramework=net10.0-android]
C:\Programmieren\KGV\KGV.neu\KGV.Maui\Pages\NebenmitgliedPage.cs(408,19): warning CS0618: "Page.DisplayAlert(string, string, string)" ist veraltet: "Use DisplayAlertAsync instead" [C:\Programmieren\KGV\KGV.neu\KGV.Maui\KGV.Maui.csproj::TargetFramework=net10.0-android]
C:\Programmieren\KGV\KGV.neu\KGV.Maui\Pages\MemberParzellenDetailPage.cs(532,23): warning CS0618: "Page.DisplayAlert(string, string, string)" ist veraltet: "Use DisplayAlertAsync instead" [C:\Programmieren\KGV\KGV.neu\KGV.Maui\KGV.Maui.csproj::TargetFramework=net10.0-android]
C:\Programmieren\KGV\KGV.neu\KGV.Maui\Pages\MemberParzellenDetailPage.cs(536,33): warning CS0618: "Page.DisplayAlert(string, string, string, string)" ist veraltet: "Use DisplayAlertAsync instead" [C:\Programmieren\KGV\KGV.neu\KGV.Maui\KGV.Maui.csproj::TargetFramework=net10.0-android]
C:\Programmieren\KGV\KGV.neu\KGV.Maui\Pages\MemberParzellenDetailPage.cs(543,23): warning CS0618: "Page.DisplayAlert(string, string, string)" ist veraltet: "Use DisplayAlertAsync instead" [C:\Programmieren\KGV\KGV.neu\KGV.Maui\KGV.Maui.csproj::TargetFramework=net10.0-android]
C:\Programmieren\KGV\KGV.neu\KGV.Maui\Pages\MemberParzellenDetailPage.cs(549,19): warning CS0618: "Page.DisplayAlert(string, string, string)" ist veraltet: "Use DisplayAlertAsync instead" [C:\Programmieren\KGV\KGV.neu\KGV.Maui\KGV.Maui.csproj::TargetFramework=net10.0-android]
C:\Programmieren\KGV\KGV.neu\KGV.Maui\Pages\MemberParzellenDetailPage.cs(553,19): warning CS0618: "Page.DisplayAlert(string, string, string)" ist veraltet: "Use DisplayAlertAsync instead" [C:\Programmieren\KGV\KGV.neu\KGV.Maui\KGV.Maui.csproj::TargetFramework=net10.0-android]
C:\Programmieren\KGV\KGV.neu\KGV.Maui\Pages\PachtvertragDialogPage.cs(279,38): warning CS0618: "Page.DisplayAlert(string, string, string, string)" ist veraltet: "Use DisplayAlertAsync instead" [C:\Programmieren\KGV\KGV.neu\KGV.Maui\KGV.Maui.csproj::TargetFramework=net10.0-android]
C:\Programmieren\KGV\KGV.neu\KGV.Maui\Pages\PachtvertragDialogPage.cs(329,27): warning CS0618: "Page.DisplayAlert(string, string, string)" ist veraltet: "Use DisplayAlertAsync instead" [C:\Programmieren\KGV\KGV.neu\KGV.Maui\KGV.Maui.csproj::TargetFramework=net10.0-android]
C:\Programmieren\KGV\KGV.neu\KGV.Maui\Pages\PachtvertragDialogPage.cs(344,27): warning CS0618: "Page.DisplayAlert(string, string, string)" ist veraltet: "Use DisplayAlertAsync instead" [C:\Programmieren\KGV\KGV.neu\KGV.Maui\KGV.Maui.csproj::TargetFramework=net10.0-android]
C:\Programmieren\KGV\KGV.neu\KGV.Maui\Pages\PachtvertragDialogPage.cs(366,31): warning CS0618: "Page.DisplayAlert(string, string, string)" ist veraltet: "Use DisplayAlertAsync instead" [C:\Programmieren\KGV\KGV.neu\KGV.Maui\KGV.Maui.csproj::TargetFramework=net10.0-android]
C:\Programmieren\KGV\KGV.neu\KGV.Maui\Pages\PachtvertragDialogPage.cs(284,17): warning CS0219: Die Variable "ok" ist zugewiesen, ihr Wert wird aber nie verwendet. [C:\Programmieren\KGV\KGV.neu\KGV.Maui\KGV.Maui.csproj::TargetFramework=net10.0-android]
C:\Programmieren\KGV\KGV.neu\KGV.Maui\Pages\PachtvertragDialogPage.cs(392,37): warning CS0618: "Page.DisplayAlert(string, string, string, string)" ist veraltet: "Use DisplayAlertAsync instead" [C:\Programmieren\KGV\KGV.neu\KGV.Maui\KGV.Maui.csproj::TargetFramework=net10.0-android]
C:\Programmieren\KGV\KGV.neu\KGV.Maui\Pages\MemberDetailPage.cs(694,19): warning CS0618: "Page.DisplayAlert(string, string, string)" ist veraltet: "Use DisplayAlertAsync instead" [C:\Programmieren\KGV\KGV.neu\KGV.Maui\KGV.Maui.csproj::TargetFramework=net10.0-android]
C:\Programmieren\KGV\KGV.neu\KGV.Maui\Pages\MemberDetailPage.cs(702,19): warning CS0618: "Page.DisplayAlert(string, string, string)" ist veraltet: "Use DisplayAlertAsync instead" [C:\Programmieren\KGV\KGV.neu\KGV.Maui\KGV.Maui.csproj::TargetFramework=net10.0-android]
C:\Programmieren\KGV\KGV.neu\KGV.Maui\Pages\MemberDetailPage.cs(709,19): warning CS0618: "Page.DisplayAlert(string, string, string)" ist veraltet: "Use DisplayAlertAsync instead" [C:\Programmieren\KGV\KGV.neu\KGV.Maui\KGV.Maui.csproj::TargetFramework=net10.0-android]
C:\Programmieren\KGV\KGV.neu\KGV.Maui\Pages\MemberDetailPage.cs(718,19): warning CS0618: "Page.DisplayAlert(string, string, string)" ist veraltet: "Use DisplayAlertAsync instead" [C:\Programmieren\KGV\KGV.neu\KGV.Maui\KGV.Maui.csproj::TargetFramework=net10.0-android]
C:\Programmieren\KGV\KGV.neu\KGV.Maui\Pages\MemberDetailPage.cs(760,51): warning CS0618: "Page.DisplayAlert(string, string, string, string)" ist veraltet: "Use DisplayAlertAsync instead" [C:\Programmieren\KGV\KGV.neu\KGV.Maui\KGV.Maui.csproj::TargetFramework=net10.0-android]
C:\Programmieren\KGV\KGV.neu\KGV.Maui\Pages\MemberDetailPage.cs(769,49): warning CS0618: "Page.DisplayAlert(string, string, string, string)" ist veraltet: "Use DisplayAlertAsync instead" [C:\Programmieren\KGV\KGV.neu\KGV.Maui\KGV.Maui.csproj::TargetFramework=net10.0-android]
C:\Programmieren\KGV\KGV.neu\KGV.Maui\Pages\MemberDetailPage.cs(801,19): warning CS0618: "Page.DisplayAlert(string, string, string)" ist veraltet: "Use DisplayAlertAsync instead" [C:\Programmieren\KGV\KGV.neu\KGV.Maui\KGV.Maui.csproj::TargetFramework=net10.0-android]
C:\Programmieren\KGV\KGV.neu\KGV.Maui\Pages\MemberDetailPage.cs(812,23): warning CS0618: "Page.DisplayAlert(string, string, string)" ist veraltet: "Use DisplayAlertAsync instead" [C:\Programmieren\KGV\KGV.neu\KGV.Maui\KGV.Maui.csproj::TargetFramework=net10.0-android]
C:\Programmieren\KGV\KGV.neu\KGV.Maui\Pages\MemberDetailPage.cs(819,23): warning CS0618: "Page.DisplayAlert(string, string, string)" ist veraltet: "Use DisplayAlertAsync instead" [C:\Programmieren\KGV\KGV.neu\KGV.Maui\KGV.Maui.csproj::TargetFramework=net10.0-android]
C:\Programmieren\KGV\KGV.neu\KGV.Maui\Pages\MemberDetailPage.cs(849,23): warning CS0618: "Page.DisplayAlert(string, string, string)" ist veraltet: "Use DisplayAlertAsync instead" [C:\Programmieren\KGV\KGV.neu\KGV.Maui\KGV.Maui.csproj::TargetFramework=net10.0-android]
C:\Programmieren\KGV\KGV.neu\KGV.Maui\Pages\MemberDetailPage.cs(855,19): warning CS0618: "Page.DisplayAlert(string, string, string)" ist veraltet: "Use DisplayAlertAsync instead" [C:\Programmieren\KGV\KGV.neu\KGV.Maui\KGV.Maui.csproj::TargetFramework=net10.0-android]
C:\Programmieren\KGV\KGV.neu\KGV.Maui\Pages\MemberDetailPage.cs(860,19): warning CS0618: "Page.DisplayAlert(string, string, string)" ist veraltet: "Use DisplayAlertAsync instead" [C:\Programmieren\KGV\KGV.neu\KGV.Maui\KGV.Maui.csproj::TargetFramework=net10.0-android]
C:\Programmieren\KGV\KGV.neu\KGV.Maui\Pages\ParzellenAblesungenPage.cs(47,81): warning CS0618: "Page.IsBusy" ist veraltet: "Page.IsBusy has been deprecated and will be removed in .NET 11" [C:\Programmieren\KGV\KGV.neu\KGV.Maui\KGV.Maui.csproj::TargetFramework=net10.0-android]
C:\Programmieren\KGV\KGV.neu\KGV.Maui\Pages\ParzellenAblesungenPage.cs(48,63): warning CS0618: "Page.IsBusy" ist veraltet: "Page.IsBusy has been deprecated and will be removed in .NET 11" [C:\Programmieren\KGV\KGV.neu\KGV.Maui\KGV.Maui.csproj::TargetFramework=net10.0-android]
C:\Programmieren\KGV\KGV.neu\KGV.Maui\Pages\ExportPage.cs(441,60): warning CS8600: Das NULL-Literal oder ein m├Âglicher NULL-Wert wird in einen Non-Nullable-Typ konvertiert. [C:\Programmieren\KGV\KGV.neu\KGV.Maui\KGV.Maui.csproj::TargetFramework=net10.0-android]
C:\Programmieren\KGV\KGV.neu\KGV.Maui\Pages\ExportPage.cs(442,60): warning CS8600: Das NULL-Literal oder ein m├Âglicher NULL-Wert wird in einen Non-Nullable-Typ konvertiert. [C:\Programmieren\KGV\KGV.neu\KGV.Maui\KGV.Maui.csproj::TargetFramework=net10.0-android]
C:\Programmieren\KGV\KGV.neu\KGV.Maui\Pages\MyProfilePage.cs(372,19): warning CS0618: "Page.DisplayAlert(string, string, string)" ist veraltet: "Use DisplayAlertAsync instead" [C:\Programmieren\KGV\KGV.neu\KGV.Maui\KGV.Maui.csproj::TargetFramework=net10.0-android]
C:\Programmieren\KGV\KGV.neu\KGV.Maui\Pages\MyProfilePage.cs(385,19): warning CS0618: "Page.DisplayAlert(string, string, string)" ist veraltet: "Use DisplayAlertAsync instead" [C:\Programmieren\KGV\KGV.neu\KGV.Maui\KGV.Maui.csproj::TargetFramework=net10.0-android]
C:\Programmieren\KGV\KGV.neu\KGV.Maui\Pages\MyProfilePage.cs(395,23): warning CS0618: "Page.DisplayAlert(string, string, string)" ist veraltet: "Use DisplayAlertAsync instead" [C:\Programmieren\KGV\KGV.neu\KGV.Maui\KGV.Maui.csproj::TargetFramework=net10.0-android]
C:\Programmieren\KGV\KGV.neu\KGV.Maui\Pages\MyProfilePage.cs(399,19): warning CS0618: "Page.DisplayAlert(string, string, string)" ist veraltet: "Use DisplayAlertAsync instead" [C:\Programmieren\KGV\KGV.neu\KGV.Maui\KGV.Maui.csproj::TargetFramework=net10.0-android]
C:\Programmieren\KGV\KGV.neu\KGV.Maui\Pages\MyProfilePage.cs(404,19): warning CS0618: "Page.DisplayAlert(string, string, string)" ist veraltet: "Use DisplayAlertAsync instead" [C:\Programmieren\KGV\KGV.neu\KGV.Maui\KGV.Maui.csproj::TargetFramework=net10.0-android]
C:\Programmieren\KGV\KGV.neu\KGV.Maui\Pages\MyProfilePage.cs(421,19): warning CS0618: "Page.DisplayAlert(string, string, string)" ist veraltet: "Use DisplayAlertAsync instead" [C:\Programmieren\KGV\KGV.neu\KGV.Maui\KGV.Maui.csproj::TargetFramework=net10.0-android]
C:\Programmieren\KGV\KGV.neu\KGV.Maui\Pages\MyProfilePage.cs(426,15): warning CS0618: "Page.DisplayAlert(string, string, string)" ist veraltet: "Use DisplayAlertAsync instead" [C:\Programmieren\KGV\KGV.neu\KGV.Maui\KGV.Maui.csproj::TargetFramework=net10.0-android]
C:\Programmieren\KGV\KGV.neu\KGV.Maui\Pages\RfidEinrichtenPage.cs(233,39): warning CS0618: "Page.DisplayAlert(string, string, string, string)" ist veraltet: "Use DisplayAlertAsync instead" [C:\Programmieren\KGV\KGV.neu\KGV.Maui\KGV.Maui.csproj::TargetFramework=net10.0-android]
C:\Programmieren\KGV\KGV.neu\KGV.Maui\Pages\RfidEinrichtenPage.cs(245,19): warning CS0618: "Page.DisplayAlert(string, string, string)" ist veraltet: "Use DisplayAlertAsync instead" [C:\Programmieren\KGV\KGV.neu\KGV.Maui\KGV.Maui.csproj::TargetFramework=net10.0-android]
C:\Programmieren\KGV\KGV.neu\KGV.Maui\Pages\VertragsSignaturPage.cs(44,31): warning CS0618: "LayoutOptions.FillAndExpand" ist veraltet: "The StackLayout expansion options are deprecated; please use a Grid instead." [C:\Programmieren\KGV\KGV.neu\KGV.Maui\KGV.Maui.csproj::TargetFramework=net10.0-android]
C:\Programmieren\KGV\KGV.neu\KGV.Maui\Pages\VertragsSignaturPage.cs(148,38): warning CS8604: M├Âgliches Nullverweisargument f├╝r den Parameter "e" in "Point? VertragsSignaturPage.TryGetTouchPoint(TouchEventArgs e)". [C:\Programmieren\KGV\KGV.neu\KGV.Maui\KGV.Maui.csproj::TargetFramework=net10.0-android]
C:\Programmieren\KGV\KGV.neu\KGV.Maui\Pages\PachtvertragFlowHelper.cs(75,60): warning CS8604: M├Âgliches Nullverweisargument f├╝r den Parameter "bytes" in "void File.WriteAllBytes(string path, byte[] bytes)". [C:\Programmieren\KGV\KGV.neu\KGV.Maui\KGV.Maui.csproj::TargetFramework=net10.0-android]
C:\Programmieren\KGV\KGV.neu\KGV.Maui\Pages\PachtvertragFlowHelper.cs(101,95): warning CS8604: M├Âgliches Nullverweisargument f├╝r den Parameter "signatureCapture" in "Task<DokumentUploadResult> ISupabaseService.CreateSignedPachtvertragDokumentAsync(PachtvertragDokumentRequest request, DigitalSignatureCapture signatureCapture, DigitalSignatureCapture? gesetzlicherVertreterSignatureCapture = null)". [C:\Programmieren\KGV\KGV.neu\KGV.Maui\KGV.Maui.csproj::TargetFramework=net10.0-android]
C:\Programmieren\KGV\KGV.neu\KGV.Maui\Pages\UserManagementPage.cs(93,23): warning CS0618: "Page.DisplayAlert(string, string, string)" ist veraltet: "Use DisplayAlertAsync instead" [C:\Programmieren\KGV\KGV.neu\KGV.Maui\KGV.Maui.csproj::TargetFramework=net10.0-android]
C:\Programmieren\KGV\KGV.neu\KGV.Maui\Pages\UserManagementPage.cs(111,23): warning CS0618: "Page.DisplayAlert(string, string, string)" ist veraltet: "Use DisplayAlertAsync instead" [C:\Programmieren\KGV\KGV.neu\KGV.Maui\KGV.Maui.csproj::TargetFramework=net10.0-android]
C:\Programmieren\KGV\KGV.neu\KGV.Maui\Pages\UserManagementPage.cs(120,23): warning CS0618: "Page.DisplayAlert(string, string, string)" ist veraltet: "Use DisplayAlertAsync instead" [C:\Programmieren\KGV\KGV.neu\KGV.Maui\KGV.Maui.csproj::TargetFramework=net10.0-android]
C:\Programmieren\KGV\KGV.neu\KGV.Maui\Pages\UserManagementPage.cs(128,35): warning CS0618: "Page.DisplayAlert(string, string, string, string)" ist veraltet: "Use DisplayAlertAsync instead" [C:\Programmieren\KGV\KGV.neu\KGV.Maui\KGV.Maui.csproj::TargetFramework=net10.0-android]
C:\Programmieren\KGV\KGV.neu\KGV.Maui\Pages\UserManagementPage.cs(134,23): warning CS0618: "Page.DisplayAlert(string, string, string)" ist veraltet: "Use DisplayAlertAsync instead" [C:\Programmieren\KGV\KGV.neu\KGV.Maui\KGV.Maui.csproj::TargetFramework=net10.0-android]
C:\Programmieren\KGV\KGV.neu\KGV.Maui\Pages\UserManagementPage.cs(157,23): warning CS0618: "Page.DisplayAlert(string, string, string)" ist veraltet: "Use DisplayAlertAsync instead" [C:\Programmieren\KGV\KGV.neu\KGV.Maui\KGV.Maui.csproj::TargetFramework=net10.0-android]
C:\Programmieren\KGV\KGV.neu\KGV.Maui\UserShell.cs(79,45): warning CS0618: "Page.DisplayAlert(string, string, string, string)" ist veraltet: "Use DisplayAlertAsync instead" [C:\Programmieren\KGV\KGV.neu\KGV.Maui\KGV.Maui.csproj::TargetFramework=net10.0-android]
C:\Programmieren\KGV\KGV.neu\KGV.Maui\Pages\TermineEditorPage.cs(357,31): warning CS0618: "Page.DisplayAlert(string, string, string, string)" ist veraltet: "Use DisplayAlertAsync instead" [C:\Programmieren\KGV\KGV.neu\KGV.Maui\KGV.Maui.csproj::TargetFramework=net10.0-android]
C:\Programmieren\KGV\KGV.neu\KGV.Maui\Pages\TermineEditorPage.cs(378,19): warning CS0618: "Page.DisplayAlert(string, string, string)" ist veraltet: "Use DisplayAlertAsync instead" [C:\Programmieren\KGV\KGV.neu\KGV.Maui\KGV.Maui.csproj::TargetFramework=net10.0-android]
C:\Programmieren\KGV\KGV.neu\KGV.Maui\Pages\VertragsSignaturPage.cs(159,38): warning CS8604: M├Âgliches Nullverweisargument f├╝r den Parameter "e" in "Point? VertragsSignaturPage.TryGetTouchPoint(TouchEventArgs e)". [C:\Programmieren\KGV\KGV.neu\KGV.Maui\KGV.Maui.csproj::TargetFramework=net10.0-android]
C:\Programmieren\KGV\KGV.neu\KGV.Maui\Pages\VertragsSignaturPage.cs(170,38): warning CS8604: M├Âgliches Nullverweisargument f├╝r den Parameter "e" in "Point? VertragsSignaturPage.TryGetTouchPoint(TouchEventArgs e)". [C:\Programmieren\KGV\KGV.neu\KGV.Maui\KGV.Maui.csproj::TargetFramework=net10.0-android]
C:\Programmieren\KGV\KGV.neu\KGV.Maui\Pages\VertragsSignaturPage.cs(193,19): warning CS0618: "Page.DisplayAlert(string, string, string)" ist veraltet: "Use DisplayAlertAsync instead" [C:\Programmieren\KGV\KGV.neu\KGV.Maui\KGV.Maui.csproj::TargetFramework=net10.0-android]
C:\Programmieren\KGV\KGV.neu\KGV.Maui\Pages\VertragsSignaturPage.cs(203,19): warning CS0618: "Page.DisplayAlert(string, string, string)" ist veraltet: "Use DisplayAlertAsync instead" [C:\Programmieren\KGV\KGV.neu\KGV.Maui\KGV.Maui.csproj::TargetFramework=net10.0-android]
C:\Programmieren\KGV\KGV.neu\KGV.Maui\Pages\ParzellenPage.cs(341,33): warning CS0618: "Page.DisplayAlert(string, string, string, string)" ist veraltet: "Use DisplayAlertAsync instead" [C:\Programmieren\KGV\KGV.neu\KGV.Maui\KGV.Maui.csproj::TargetFramework=net10.0-android]
C:\Programmieren\KGV\KGV.neu\KGV.Maui\Pages\ParzellenPage.cs(353,19): warning CS0618: "Page.DisplayAlert(string, string, string)" ist veraltet: "Use DisplayAlertAsync instead" [C:\Programmieren\KGV\KGV.neu\KGV.Maui\KGV.Maui.csproj::TargetFramework=net10.0-android]
C:\Programmieren\KGV\KGV.neu\KGV.Maui\Pages\ParzellenPage.cs(367,19): warning CS0618: "Page.DisplayAlert(string, string, string)" ist veraltet: "Use DisplayAlertAsync instead" [C:\Programmieren\KGV\KGV.neu\KGV.Maui\KGV.Maui.csproj::TargetFramework=net10.0-android]
C:\Programmieren\KGV\KGV.neu\KGV.Maui\Pages\MeineDatenPage.xaml.cs(602,19): warning CS0618: "Page.DisplayAlert(string, string, string)" ist veraltet: "Use DisplayAlertAsync instead" [C:\Programmieren\KGV\KGV.neu\KGV.Maui\KGV.Maui.csproj::TargetFramework=net10.0-android]
C:\Programmieren\KGV\KGV.neu\KGV.Maui\Pages\MeineDatenPage.xaml.cs(608,19): warning CS0618: "Page.DisplayAlert(string, string, string)" ist veraltet: "Use DisplayAlertAsync instead" [C:\Programmieren\KGV\KGV.neu\KGV.Maui\KGV.Maui.csproj::TargetFramework=net10.0-android]
C:\Programmieren\KGV\KGV.neu\KGV.Maui\Pages\MeineDatenPage.xaml.cs(615,19): warning CS0618: "Page.DisplayAlert(string, string, string)" ist veraltet: "Use DisplayAlertAsync instead" [C:\Programmieren\KGV\KGV.neu\KGV.Maui\KGV.Maui.csproj::TargetFramework=net10.0-android]
C:\Programmieren\KGV\KGV.neu\KGV.Maui\Pages\MeineDatenPage.xaml.cs(623,19): warning CS0618: "Page.DisplayAlert(string, string, string)" ist veraltet: "Use DisplayAlertAsync instead" [C:\Programmieren\KGV\KGV.neu\KGV.Maui\KGV.Maui.csproj::TargetFramework=net10.0-android]
C:\Programmieren\KGV\KGV.neu\KGV.Maui\Pages\MeineDatenPage.xaml.cs(631,19): warning CS0618: "Page.DisplayAlert(string, string, string)" ist veraltet: "Use DisplayAlertAsync instead" [C:\Programmieren\KGV\KGV.neu\KGV.Maui\KGV.Maui.csproj::TargetFramework=net10.0-android]
C:\Programmieren\KGV\KGV.neu\KGV.Maui\Pages\MeineDatenPage.xaml.cs(644,23): warning CS0618: "Page.DisplayAlert(string, string, string)" ist veraltet: "Use DisplayAlertAsync instead" [C:\Programmieren\KGV\KGV.neu\KGV.Maui\KGV.Maui.csproj::TargetFramework=net10.0-android]
C:\Programmieren\KGV\KGV.neu\KGV.Maui\Pages\MeineDatenPage.xaml.cs(651,23): warning CS0618: "Page.DisplayAlert(string, string, string)" ist veraltet: "Use DisplayAlertAsync instead" [C:\Programmieren\KGV\KGV.neu\KGV.Maui\KGV.Maui.csproj::TargetFramework=net10.0-android]
C:\Programmieren\KGV\KGV.neu\KGV.Maui\Pages\MeineDatenPage.xaml.cs(682,31): warning CS0618: "Page.DisplayAlert(string, string, string)" ist veraltet: "Use DisplayAlertAsync instead" [C:\Programmieren\KGV\KGV.neu\KGV.Maui\KGV.Maui.csproj::TargetFramework=net10.0-android]
C:\Programmieren\KGV\KGV.neu\KGV.Maui\Pages\MeineDatenPage.xaml.cs(689,31): warning CS0618: "Page.DisplayAlert(string, string, string)" ist veraltet: "Use DisplayAlertAsync instead" [C:\Programmieren\KGV\KGV.neu\KGV.Maui\KGV.Maui.csproj::TargetFramework=net10.0-android]
C:\Programmieren\KGV\KGV.neu\KGV.Maui\Pages\MeineDatenPage.xaml.cs(711,23): warning CS0618: "Page.DisplayAlert(string, string, string)" ist veraltet: "Use DisplayAlertAsync instead" [C:\Programmieren\KGV\KGV.neu\KGV.Maui\KGV.Maui.csproj::TargetFramework=net10.0-android]
C:\Programmieren\KGV\KGV.neu\KGV.Maui\Pages\MeineDatenPage.xaml.cs(721,19): warning CS0618: "Page.DisplayAlert(string, string, string)" ist veraltet: "Use DisplayAlertAsync instead" [C:\Programmieren\KGV\KGV.neu\KGV.Maui\KGV.Maui.csproj::TargetFramework=net10.0-android]
C:\Programmieren\KGV\KGV.neu\KGV.Maui\Pages\MeineDatenPage.xaml.cs(845,19): warning CS0618: "Page.DisplayAlert(string, string, string)" ist veraltet: "Use DisplayAlertAsync instead" [C:\Programmieren\KGV\KGV.neu\KGV.Maui\KGV.Maui.csproj::TargetFramework=net10.0-android]
C:\Programmieren\KGV\KGV.neu\KGV.Maui\Pages\MeineDatenPage.xaml.cs(852,19): warning CS0618: "Page.DisplayAlert(string, string, string)" ist veraltet: "Use DisplayAlertAsync instead" [C:\Programmieren\KGV\KGV.neu\KGV.Maui\KGV.Maui.csproj::TargetFramework=net10.0-android]
C:\Programmieren\KGV\KGV.neu\KGV.Maui\Pages\MeineDatenPage.xaml.cs(861,23): warning CS0618: "Page.DisplayAlert(string, string, string)" ist veraltet: "Use DisplayAlertAsync instead" [C:\Programmieren\KGV\KGV.neu\KGV.Maui\KGV.Maui.csproj::TargetFramework=net10.0-android]
C:\Programmieren\KGV\KGV.neu\KGV.Maui\Pages\MeineDatenPage.xaml.cs(868,19): warning CS0618: "Page.DisplayAlert(string, string, string)" ist veraltet: "Use DisplayAlertAsync instead" [C:\Programmieren\KGV\KGV.neu\KGV.Maui\KGV.Maui.csproj::TargetFramework=net10.0-android]
C:\Programmieren\KGV\KGV.neu\KGV.Maui\Pages\MeineDatenPage.xaml.cs(873,19): warning CS0618: "Page.DisplayAlert(string, string, string)" ist veraltet: "Use DisplayAlertAsync instead" [C:\Programmieren\KGV\KGV.neu\KGV.Maui\KGV.Maui.csproj::TargetFramework=net10.0-android]
C:\Programmieren\KGV\KGV.neu\KGV.Maui\ViewModels\ExportViewModel.cs(337,27): warning CS8602: Dereferenzierung eines m├Âglichen Nullverweises. [C:\Programmieren\KGV\KGV.neu\KGV.Maui\KGV.Maui.csproj::TargetFramework=net10.0-android]
C:\Programmieren\KGV\KGV.neu\KGV.Maui\ViewModels\ExportViewModel.cs(693,42): warning CS8620: Das Argument vom Typ "(AppExportColumnDefinitionRecord col, string? canonical)" kann aufgrund von Unterschieden in der NULL-Zul├ñssigkeit von Verweistypen nicht f├╝r den Parameter "item" vom Typ "(AppExportColumnDefinitionRecord Column, string CanonicalKey)" in "void List<(AppExportColumnDefinitionRecord Column, string CanonicalKey)>.Add((AppExportColumnDefinitionRecord Column, string CanonicalKey) item)" verwendet werden. [C:\Programmieren\KGV\KGV.neu\KGV.Maui\KGV.Maui.csproj::TargetFramework=net10.0-android]
C:\Programmieren\KGV\KGV.neu\KGV.Maui\Pages\ZaehlerwechselEinbauPage.cs(132,35): error CS0266: Der Typ "System.DateTime?" kann nicht implizit in "System.DateTime" konvertiert werden. Es ist bereits eine explizite Konvertierung vorhanden (m├Âglicherweise fehlt eine Umwandlung). [C:\Programmieren\KGV\KGV.neu\KGV.Maui\KGV.Maui.csproj::TargetFramework=net10.0-android]
C:\Programmieren\KGV\KGV.neu\KGV.Maui\Pages\ZaehlerwechselEinbauPage.cs(139,35): error CS0266: Der Typ "System.DateTime?" kann nicht implizit in "System.DateTime" konvertiert werden. Es ist bereits eine explizite Konvertierung vorhanden (m├Âglicherweise fehlt eine Umwandlung). [C:\Programmieren\KGV\KGV.neu\KGV.Maui\KGV.Maui.csproj::TargetFramework=net10.0-android]
C:\Programmieren\KGV\KGV.neu\KGV.Maui\Pages\ZaehlerwechselEinbauPage.cs(150,90): error CS1503: Argument "3": Konvertierung von "System.DateTime?" in "System.DateTime" nicht m├Âglich. [C:\Programmieren\KGV\KGV.neu\KGV.Maui\KGV.Maui.csproj::TargetFramework=net10.0-android]
C:\Programmieren\KGV\KGV.neu\KGV.Maui\Pages\ArbeitseinsaetzeEditorPage.cs(605,86): error CS1503: Argument "1": Konvertierung von "System.DateTime?" in "System.DateTime" nicht m├Âglich. [C:\Programmieren\KGV\KGV.neu\KGV.Maui\KGV.Maui.csproj::TargetFramework=net10.0-android]
C:\Programmieren\KGV\KGV.neu\KGV.Maui\Pages\ArbeitseinsaetzeEditorPage.cs(629,35): error CS1503: Argument "1": Konvertierung von "System.DateTime?" in "System.DateTime" nicht m├Âglich. [C:\Programmieren\KGV\KGV.neu\KGV.Maui\KGV.Maui.csproj::TargetFramework=net10.0-android]
C:\Programmieren\KGV\KGV.neu\KGV.Maui\Pages\ArbeitseinsaetzeEditorPage.cs(636,40): error CS1061: "DateTime?" enth├ñlt keine Definition f├╝r "Date", und es konnte keine zug├ñngliche Date-Erweiterungsmethode gefunden werden, die ein erstes Argument vom Typ "DateTime?" akzeptiert (m├Âglicherweise fehlt eine using-Direktive oder ein Assemblyverweis). [C:\Programmieren\KGV\KGV.neu\KGV.Maui\KGV.Maui.csproj::TargetFramework=net10.0-android]
C:\Programmieren\KGV\KGV.neu\KGV.Maui\Pages\ArbeitseinsaetzeEditorPage.cs(637,41): error CS1061: "DateTime?" enth├ñlt keine Definition f├╝r "Date", und es konnte keine zug├ñngliche Date-Erweiterungsmethode gefunden werden, die ein erstes Argument vom Typ "DateTime?" akzeptiert (m├Âglicherweise fehlt eine using-Direktive oder ein Assemblyverweis). [C:\Programmieren\KGV\KGV.neu\KGV.Maui\KGV.Maui.csproj::TargetFramework=net10.0-android]
C:\Programmieren\KGV\KGV.neu\KGV.Maui\Pages\ArbeitseinsaetzeEditorPage.cs(639,79): error CS1061: "DateTime?" enth├ñlt keine Definition f├╝r "Date", und es konnte keine zug├ñngliche Date-Erweiterungsmethode gefunden werden, die ein erstes Argument vom Typ "DateTime?" akzeptiert (m├Âglicherweise fehlt eine using-Direktive oder ein Assemblyverweis). [C:\Programmieren\KGV\KGV.neu\KGV.Maui\KGV.Maui.csproj::TargetFramework=net10.0-android]
C:\Programmieren\KGV\KGV.neu\KGV.Maui\Pages\ArbeitseinsaetzeEditorPage.cs(630,13): error CS1503: Argument "4": Konvertierung von "System.TimeSpan?" in "System.TimeSpan" nicht m├Âglich. [C:\Programmieren\KGV\KGV.neu\KGV.Maui\KGV.Maui.csproj::TargetFramework=net10.0-android]
C:\Programmieren\KGV\KGV.neu\KGV.Maui\Pages\ArbeitseinsaetzeEditorPage.cs(631,13): error CS1503: Argument "5": Konvertierung von "System.TimeSpan?" in "System.TimeSpan" nicht m├Âglich. [C:\Programmieren\KGV\KGV.neu\KGV.Maui\KGV.Maui.csproj::TargetFramework=net10.0-android]
C:\Programmieren\KGV\KGV.neu\KGV.Maui\Pages\AblesungErfassenPage.cs(488,31): error CS0266: Der Typ "System.DateTime?" kann nicht implizit in "System.DateTime" konvertiert werden. Es ist bereits eine explizite Konvertierung vorhanden (m├Âglicherweise fehlt eine Umwandlung). [C:\Programmieren\KGV\KGV.neu\KGV.Maui\KGV.Maui.csproj::TargetFramework=net10.0-android]
C:\Programmieren\KGV\KGV.neu\KGV.Maui\Pages\WartungsvertragAssignMembersPage.cs(277,108): error CS1503: Argument "2": Konvertierung von "System.DateTime?" in "System.DateTime" nicht m├Âglich. [C:\Programmieren\KGV\KGV.neu\KGV.Maui\KGV.Maui.csproj::TargetFramework=net10.0-android]
    201 Warnung(en)
    12 Fehler

Verstrichene Zeit 00:00:06.53
